                                      1 ;--------------------------------------------------------
                                      2 ; File Created by SDCC : free open source ANSI-C Compiler
                                      3 ; Version 4.1.6 #12439 (MINGW32)
                                      4 ;--------------------------------------------------------
                                      5 	.module BackgroundTiles
                                      6 	.optsdcc -mgbz80
                                      7 	
                                      8 ;--------------------------------------------------------
                                      9 ; Public variables in this module
                                     10 ;--------------------------------------------------------
                                     11 	.globl _BackgroundTiles
                                     12 	.globl _BackgroundTilesCGB
                                     13 ;--------------------------------------------------------
                                     14 ; special function registers
                                     15 ;--------------------------------------------------------
                                     16 ;--------------------------------------------------------
                                     17 ; ram data
                                     18 ;--------------------------------------------------------
                                     19 	.area _DATA
                                     20 ;--------------------------------------------------------
                                     21 ; ram data
                                     22 ;--------------------------------------------------------
                                     23 	.area _INITIALIZED
                           000000    24 G$BackgroundTilesCGB$0_0$0==.
      000000                         25 _BackgroundTilesCGB::
      000000                         26 	.ds 29
                           00001D    27 G$BackgroundTiles$0_0$0==.
      00001D                         28 _BackgroundTiles::
      00001D                         29 	.ds 464
                                     30 ;--------------------------------------------------------
                                     31 ; absolute external ram data
                                     32 ;--------------------------------------------------------
                                     33 	.area _DABS (ABS)
                                     34 ;--------------------------------------------------------
                                     35 ; global & static initialisations
                                     36 ;--------------------------------------------------------
                                     37 	.area _HOME
                                     38 	.area _GSINIT
                                     39 	.area _GSFINAL
                                     40 	.area _GSINIT
                                     41 ;--------------------------------------------------------
                                     42 ; Home
                                     43 ;--------------------------------------------------------
                                     44 	.area _HOME
                                     45 	.area _HOME
                                     46 ;--------------------------------------------------------
                                     47 ; code
                                     48 ;--------------------------------------------------------
                                     49 	.area _CODE
                                     50 	.area _CODE
                                     51 	.area _INITIALIZER
                           000000    52 FBackgroundTiles$__xinit_BackgroundTilesCGB$0_0$0 == .
      000000                         53 __xinit__BackgroundTilesCGB:
      000000 00                      54 	.db #0x00	; 0
      000001 00                      55 	.db #0x00	; 0
      000002 00                      56 	.db #0x00	; 0
      000003 00                      57 	.db #0x00	; 0
      000004 04                      58 	.db #0x04	; 4
      000005 03                      59 	.db #0x03	; 3
      000006 03                      60 	.db #0x03	; 3
      000007 03                      61 	.db #0x03	; 3
      000008 03                      62 	.db #0x03	; 3
      000009 04                      63 	.db #0x04	; 4
      00000A 01                      64 	.db #0x01	; 1
      00000B 02                      65 	.db #0x02	; 2
      00000C 01                      66 	.db #0x01	; 1
      00000D 02                      67 	.db #0x02	; 2
      00000E 01                      68 	.db #0x01	; 1
      00000F 02                      69 	.db #0x02	; 2
      000010 01                      70 	.db #0x01	; 1
      000011 02                      71 	.db #0x02	; 2
      000012 00                      72 	.db #0x00	; 0
      000013 00                      73 	.db #0x00	; 0
      000014 05                      74 	.db #0x05	; 5
      000015 05                      75 	.db #0x05	; 5
      000016 05                      76 	.db #0x05	; 5
      000017 05                      77 	.db #0x05	; 5
      000018 05                      78 	.db #0x05	; 5
      000019 05                      79 	.db #0x05	; 5
      00001A 05                      80 	.db #0x05	; 5
      00001B 05                      81 	.db #0x05	; 5
      00001C 05                      82 	.db #0x05	; 5
                           00001D    83 FBackgroundTiles$__xinit_BackgroundTiles$0_0$0 == .
      00001D                         84 __xinit__BackgroundTiles:
      00001D 00                      85 	.db #0x00	; 0
      00001E 00                      86 	.db #0x00	; 0
      00001F 00                      87 	.db #0x00	; 0
      000020 00                      88 	.db #0x00	; 0
      000021 00                      89 	.db #0x00	; 0
      000022 00                      90 	.db #0x00	; 0
      000023 00                      91 	.db #0x00	; 0
      000024 00                      92 	.db #0x00	; 0
      000025 00                      93 	.db #0x00	; 0
      000026 00                      94 	.db #0x00	; 0
      000027 00                      95 	.db #0x00	; 0
      000028 00                      96 	.db #0x00	; 0
      000029 00                      97 	.db #0x00	; 0
      00002A 00                      98 	.db #0x00	; 0
      00002B 00                      99 	.db #0x00	; 0
      00002C 00                     100 	.db #0x00	; 0
      00002D 00                     101 	.db #0x00	; 0
      00002E FF                     102 	.db #0xff	; 255
      00002F 7E                     103 	.db #0x7e	; 126
      000030 81                     104 	.db #0x81	; 129
      000031 4E                     105 	.db #0x4e	; 78	'N'
      000032 81                     106 	.db #0x81	; 129
      000033 5E                     107 	.db #0x5e	; 94
      000034 81                     108 	.db #0x81	; 129
      000035 7A                     109 	.db #0x7a	; 122	'z'
      000036 81                     110 	.db #0x81	; 129
      000037 72                     111 	.db #0x72	; 114	'r'
      000038 81                     112 	.db #0x81	; 129
      000039 7E                     113 	.db #0x7e	; 126
      00003A 81                     114 	.db #0x81	; 129
      00003B 00                     115 	.db #0x00	; 0
      00003C FF                     116 	.db #0xff	; 255
      00003D FF                     117 	.db #0xff	; 255
      00003E 00                     118 	.db #0x00	; 0
      00003F 81                     119 	.db #0x81	; 129
      000040 00                     120 	.db #0x00	; 0
      000041 81                     121 	.db #0x81	; 129
      000042 00                     122 	.db #0x00	; 0
      000043 81                     123 	.db #0x81	; 129
      000044 00                     124 	.db #0x00	; 0
      000045 81                     125 	.db #0x81	; 129
      000046 00                     126 	.db #0x00	; 0
      000047 81                     127 	.db #0x81	; 129
      000048 00                     128 	.db #0x00	; 0
      000049 81                     129 	.db #0x81	; 129
      00004A 00                     130 	.db #0x00	; 0
      00004B FF                     131 	.db #0xff	; 255
      00004C 00                     132 	.db #0x00	; 0
      00004D 00                     133 	.db #0x00	; 0
      00004E FF                     134 	.db #0xff	; 255
      00004F 00                     135 	.db #0x00	; 0
      000050 FF                     136 	.db #0xff	; 255
      000051 00                     137 	.db #0x00	; 0
      000052 FF                     138 	.db #0xff	; 255
      000053 00                     139 	.db #0x00	; 0
      000054 FF                     140 	.db #0xff	; 255
      000055 00                     141 	.db #0x00	; 0
      000056 FF                     142 	.db #0xff	; 255
      000057 00                     143 	.db #0x00	; 0
      000058 FF                     144 	.db #0xff	; 255
      000059 00                     145 	.db #0x00	; 0
      00005A FF                     146 	.db #0xff	; 255
      00005B 00                     147 	.db #0x00	; 0
      00005C FF                     148 	.db #0xff	; 255
      00005D 00                     149 	.db #0x00	; 0
      00005E FF                     150 	.db #0xff	; 255
      00005F 7E                     151 	.db #0x7e	; 126
      000060 81                     152 	.db #0x81	; 129
      000061 7E                     153 	.db #0x7e	; 126
      000062 9D                     154 	.db #0x9d	; 157
      000063 7E                     155 	.db #0x7e	; 126
      000064 BD                     156 	.db #0xbd	; 189
      000065 7A                     157 	.db #0x7a	; 122	'z'
      000066 E5                     158 	.db #0xe5	; 229
      000067 7A                     159 	.db #0x7a	; 122	'z'
      000068 85                     160 	.db #0x85	; 133
      000069 7E                     161 	.db #0x7e	; 126
      00006A 81                     162 	.db #0x81	; 129
      00006B 00                     163 	.db #0x00	; 0
      00006C FF                     164 	.db #0xff	; 255
      00006D FF                     165 	.db #0xff	; 255
      00006E 00                     166 	.db #0x00	; 0
      00006F 81                     167 	.db #0x81	; 129
      000070 00                     168 	.db #0x00	; 0
      000071 89                     169 	.db #0x89	; 137
      000072 18                     170 	.db #0x18	; 24
      000073 B9                     171 	.db #0xb9	; 185
      000074 3C                     172 	.db #0x3c	; 60
      000075 8D                     173 	.db #0x8d	; 141
      000076 3C                     174 	.db #0x3c	; 60
      000077 91                     175 	.db #0x91	; 145
      000078 18                     176 	.db #0x18	; 24
      000079 81                     177 	.db #0x81	; 129
      00007A 00                     178 	.db #0x00	; 0
      00007B FF                     179 	.db #0xff	; 255
      00007C 00                     180 	.db #0x00	; 0
      00007D FF                     181 	.db #0xff	; 255
      00007E 00                     182 	.db #0x00	; 0
      00007F 81                     183 	.db #0x81	; 129
      000080 10                     184 	.db #0x10	; 16
      000081 8D                     185 	.db #0x8d	; 141
      000082 1C                     186 	.db #0x1c	; 28
      000083 89                     187 	.db #0x89	; 137
      000084 0E                     188 	.db #0x0e	; 14
      000085 95                     189 	.db #0x95	; 149
      000086 74                     190 	.db #0x74	; 116	't'
      000087 B1                     191 	.db #0xb1	; 177
      000088 30                     192 	.db #0x30	; 48	'0'
      000089 81                     193 	.db #0x81	; 129
      00008A 08                     194 	.db #0x08	; 8
      00008B FF                     195 	.db #0xff	; 255
      00008C 00                     196 	.db #0x00	; 0
      00008D FF                     197 	.db #0xff	; 255
      00008E 00                     198 	.db #0x00	; 0
      00008F A9                     199 	.db #0xa9	; 169
      000090 28                     200 	.db #0x28	; 40
      000091 85                     201 	.db #0x85	; 133
      000092 1C                     202 	.db #0x1c	; 28
      000093 AB                     203 	.db #0xab	; 171
      000094 6E                     204 	.db #0x6e	; 110	'n'
      000095 E5                     205 	.db #0xe5	; 229
      000096 74                     206 	.db #0x74	; 116	't'
      000097 81                     207 	.db #0x81	; 129
      000098 2C                     208 	.db #0x2c	; 44
      000099 91                     209 	.db #0x91	; 145
      00009A 10                     210 	.db #0x10	; 16
      00009B FF                     211 	.db #0xff	; 255
      00009C 00                     212 	.db #0x00	; 0
      00009D FF                     213 	.db #0xff	; 255
      00009E 00                     214 	.db #0x00	; 0
      00009F 81                     215 	.db #0x81	; 129
      0000A0 22                     216 	.db #0x22	; 34
      0000A1 8D                     217 	.db #0x8d	; 141
      0000A2 0C                     218 	.db #0x0c	; 12
      0000A3 C1                     219 	.db #0xc1	; 193
      0000A4 40                     220 	.db #0x40	; 64
      0000A5 93                     221 	.db #0x93	; 147
      0000A6 12                     222 	.db #0x12	; 18
      0000A7 81                     223 	.db #0x81	; 129
      0000A8 04                     224 	.db #0x04	; 4
      0000A9 85                     225 	.db #0x85	; 133
      0000AA 64                     226 	.db #0x64	; 100	'd'
      0000AB FF                     227 	.db #0xff	; 255
      0000AC 00                     228 	.db #0x00	; 0
      0000AD 00                     229 	.db #0x00	; 0
      0000AE 00                     230 	.db #0x00	; 0
      0000AF 00                     231 	.db #0x00	; 0
      0000B0 00                     232 	.db #0x00	; 0
      0000B1 00                     233 	.db #0x00	; 0
      0000B2 00                     234 	.db #0x00	; 0
      0000B3 00                     235 	.db #0x00	; 0
      0000B4 00                     236 	.db #0x00	; 0
      0000B5 00                     237 	.db #0x00	; 0
      0000B6 00                     238 	.db #0x00	; 0
      0000B7 00                     239 	.db #0x00	; 0
      0000B8 00                     240 	.db #0x00	; 0
      0000B9 00                     241 	.db #0x00	; 0
      0000BA 00                     242 	.db #0x00	; 0
      0000BB 00                     243 	.db #0x00	; 0
      0000BC 00                     244 	.db #0x00	; 0
      0000BD 00                     245 	.db #0x00	; 0
      0000BE FF                     246 	.db #0xff	; 255
      0000BF 00                     247 	.db #0x00	; 0
      0000C0 81                     248 	.db #0x81	; 129
      0000C1 00                     249 	.db #0x00	; 0
      0000C2 81                     250 	.db #0x81	; 129
      0000C3 18                     251 	.db #0x18	; 24
      0000C4 99                     252 	.db #0x99	; 153
      0000C5 18                     253 	.db #0x18	; 24
      0000C6 99                     254 	.db #0x99	; 153
      0000C7 00                     255 	.db #0x00	; 0
      0000C8 81                     256 	.db #0x81	; 129
      0000C9 00                     257 	.db #0x00	; 0
      0000CA 81                     258 	.db #0x81	; 129
      0000CB 00                     259 	.db #0x00	; 0
      0000CC FF                     260 	.db #0xff	; 255
      0000CD 00                     261 	.db #0x00	; 0
      0000CE FF                     262 	.db #0xff	; 255
      0000CF 00                     263 	.db #0x00	; 0
      0000D0 81                     264 	.db #0x81	; 129
      0000D1 30                     265 	.db #0x30	; 48	'0'
      0000D2 B1                     266 	.db #0xb1	; 177
      0000D3 30                     267 	.db #0x30	; 48	'0'
      0000D4 B1                     268 	.db #0xb1	; 177
      0000D5 0C                     269 	.db #0x0c	; 12
      0000D6 8D                     270 	.db #0x8d	; 141
      0000D7 0C                     271 	.db #0x0c	; 12
      0000D8 8D                     272 	.db #0x8d	; 141
      0000D9 00                     273 	.db #0x00	; 0
      0000DA 81                     274 	.db #0x81	; 129
      0000DB 00                     275 	.db #0x00	; 0
      0000DC FF                     276 	.db #0xff	; 255
      0000DD 00                     277 	.db #0x00	; 0
      0000DE FF                     278 	.db #0xff	; 255
      0000DF 00                     279 	.db #0x00	; 0
      0000E0 81                     280 	.db #0x81	; 129
      0000E1 18                     281 	.db #0x18	; 24
      0000E2 99                     282 	.db #0x99	; 153
      0000E3 18                     283 	.db #0x18	; 24
      0000E4 99                     284 	.db #0x99	; 153
      0000E5 66                     285 	.db #0x66	; 102	'f'
      0000E6 E7                     286 	.db #0xe7	; 231
      0000E7 66                     287 	.db #0x66	; 102	'f'
      0000E8 E7                     288 	.db #0xe7	; 231
      0000E9 00                     289 	.db #0x00	; 0
      0000EA 81                     290 	.db #0x81	; 129
      0000EB 00                     291 	.db #0x00	; 0
      0000EC FF                     292 	.db #0xff	; 255
      0000ED 00                     293 	.db #0x00	; 0
      0000EE FF                     294 	.db #0xff	; 255
      0000EF 18                     295 	.db #0x18	; 24
      0000F0 99                     296 	.db #0x99	; 153
      0000F1 18                     297 	.db #0x18	; 24
      0000F2 99                     298 	.db #0x99	; 153
      0000F3 66                     299 	.db #0x66	; 102	'f'
      0000F4 E7                     300 	.db #0xe7	; 231
      0000F5 66                     301 	.db #0x66	; 102	'f'
      0000F6 E7                     302 	.db #0xe7	; 231
      0000F7 18                     303 	.db #0x18	; 24
      0000F8 99                     304 	.db #0x99	; 153
      0000F9 18                     305 	.db #0x18	; 24
      0000FA 99                     306 	.db #0x99	; 153
      0000FB 00                     307 	.db #0x00	; 0
      0000FC FF                     308 	.db #0xff	; 255
      0000FD 00                     309 	.db #0x00	; 0
      0000FE FF                     310 	.db #0xff	; 255
      0000FF 00                     311 	.db #0x00	; 0
      000100 81                     312 	.db #0x81	; 129
      000101 3C                     313 	.db #0x3c	; 60
      000102 B1                     314 	.db #0xb1	; 177
      000103 3C                     315 	.db #0x3c	; 60
      000104 B1                     316 	.db #0xb1	; 177
      000105 7E                     317 	.db #0x7e	; 126
      000106 E7                     318 	.db #0xe7	; 231
      000107 7E                     319 	.db #0x7e	; 126
      000108 E7                     320 	.db #0xe7	; 231
      000109 00                     321 	.db #0x00	; 0
      00010A 81                     322 	.db #0x81	; 129
      00010B 00                     323 	.db #0x00	; 0
      00010C FF                     324 	.db #0xff	; 255
      00010D 00                     325 	.db #0x00	; 0
      00010E FF                     326 	.db #0xff	; 255
      00010F 00                     327 	.db #0x00	; 0
      000110 81                     328 	.db #0x81	; 129
      000111 7E                     329 	.db #0x7e	; 126
      000112 E7                     330 	.db #0xe7	; 231
      000113 7E                     331 	.db #0x7e	; 126
      000114 E7                     332 	.db #0xe7	; 231
      000115 7E                     333 	.db #0x7e	; 126
      000116 99                     334 	.db #0x99	; 153
      000117 7E                     335 	.db #0x7e	; 126
      000118 99                     336 	.db #0x99	; 153
      000119 00                     337 	.db #0x00	; 0
      00011A 81                     338 	.db #0x81	; 129
      00011B 00                     339 	.db #0x00	; 0
      00011C FF                     340 	.db #0xff	; 255
      00011D 00                     341 	.db #0x00	; 0
      00011E FF                     342 	.db #0xff	; 255
      00011F 1E                     343 	.db #0x1e	; 30
      000120 87                     344 	.db #0x87	; 135
      000121 1E                     345 	.db #0x1e	; 30
      000122 87                     346 	.db #0x87	; 135
      000123 7E                     347 	.db #0x7e	; 126
      000124 99                     348 	.db #0x99	; 153
      000125 7E                     349 	.db #0x7e	; 126
      000126 99                     350 	.db #0x99	; 153
      000127 1E                     351 	.db #0x1e	; 30
      000128 87                     352 	.db #0x87	; 135
      000129 1E                     353 	.db #0x1e	; 30
      00012A 87                     354 	.db #0x87	; 135
      00012B 00                     355 	.db #0x00	; 0
      00012C FF                     356 	.db #0xff	; 255
      00012D 00                     357 	.db #0x00	; 0
      00012E FF                     358 	.db #0xff	; 255
      00012F 78                     359 	.db #0x78	; 120	'x'
      000130 E1                     360 	.db #0xe1	; 225
      000131 78                     361 	.db #0x78	; 120	'x'
      000132 E1                     362 	.db #0xe1	; 225
      000133 7E                     363 	.db #0x7e	; 126
      000134 99                     364 	.db #0x99	; 153
      000135 7E                     365 	.db #0x7e	; 126
      000136 99                     366 	.db #0x99	; 153
      000137 7E                     367 	.db #0x7e	; 126
      000138 E7                     368 	.db #0xe7	; 231
      000139 7E                     369 	.db #0x7e	; 126
      00013A E7                     370 	.db #0xe7	; 231
      00013B 00                     371 	.db #0x00	; 0
      00013C FF                     372 	.db #0xff	; 255
      00013D 00                     373 	.db #0x00	; 0
      00013E 00                     374 	.db #0x00	; 0
      00013F 00                     375 	.db #0x00	; 0
      000140 00                     376 	.db #0x00	; 0
      000141 00                     377 	.db #0x00	; 0
      000142 00                     378 	.db #0x00	; 0
      000143 00                     379 	.db #0x00	; 0
      000144 00                     380 	.db #0x00	; 0
      000145 00                     381 	.db #0x00	; 0
      000146 00                     382 	.db #0x00	; 0
      000147 00                     383 	.db #0x00	; 0
      000148 00                     384 	.db #0x00	; 0
      000149 00                     385 	.db #0x00	; 0
      00014A 00                     386 	.db #0x00	; 0
      00014B 00                     387 	.db #0x00	; 0
      00014C 00                     388 	.db #0x00	; 0
      00014D 00                     389 	.db #0x00	; 0
      00014E 00                     390 	.db #0x00	; 0
      00014F 00                     391 	.db #0x00	; 0
      000150 00                     392 	.db #0x00	; 0
      000151 00                     393 	.db #0x00	; 0
      000152 00                     394 	.db #0x00	; 0
      000153 00                     395 	.db #0x00	; 0
      000154 00                     396 	.db #0x00	; 0
      000155 00                     397 	.db #0x00	; 0
      000156 00                     398 	.db #0x00	; 0
      000157 00                     399 	.db #0x00	; 0
      000158 00                     400 	.db #0x00	; 0
      000159 00                     401 	.db #0x00	; 0
      00015A 00                     402 	.db #0x00	; 0
      00015B 00                     403 	.db #0x00	; 0
      00015C 00                     404 	.db #0x00	; 0
      00015D 55                     405 	.db #0x55	; 85	'U'
      00015E AA                     406 	.db #0xaa	; 170
      00015F AA                     407 	.db #0xaa	; 170
      000160 55                     408 	.db #0x55	; 85	'U'
      000161 55                     409 	.db #0x55	; 85	'U'
      000162 AA                     410 	.db #0xaa	; 170
      000163 AA                     411 	.db #0xaa	; 170
      000164 55                     412 	.db #0x55	; 85	'U'
      000165 55                     413 	.db #0x55	; 85	'U'
      000166 AA                     414 	.db #0xaa	; 170
      000167 AA                     415 	.db #0xaa	; 170
      000168 55                     416 	.db #0x55	; 85	'U'
      000169 55                     417 	.db #0x55	; 85	'U'
      00016A AA                     418 	.db #0xaa	; 170
      00016B AA                     419 	.db #0xaa	; 170
      00016C 55                     420 	.db #0x55	; 85	'U'
      00016D FF                     421 	.db #0xff	; 255
      00016E FF                     422 	.db #0xff	; 255
      00016F AA                     423 	.db #0xaa	; 170
      000170 55                     424 	.db #0x55	; 85	'U'
      000171 55                     425 	.db #0x55	; 85	'U'
      000172 AA                     426 	.db #0xaa	; 170
      000173 AA                     427 	.db #0xaa	; 170
      000174 55                     428 	.db #0x55	; 85	'U'
      000175 55                     429 	.db #0x55	; 85	'U'
      000176 AA                     430 	.db #0xaa	; 170
      000177 AA                     431 	.db #0xaa	; 170
      000178 55                     432 	.db #0x55	; 85	'U'
      000179 55                     433 	.db #0x55	; 85	'U'
      00017A AA                     434 	.db #0xaa	; 170
      00017B AA                     435 	.db #0xaa	; 170
      00017C 55                     436 	.db #0x55	; 85	'U'
      00017D 55                     437 	.db #0x55	; 85	'U'
      00017E AB                     438 	.db #0xab	; 171
      00017F AA                     439 	.db #0xaa	; 170
      000180 55                     440 	.db #0x55	; 85	'U'
      000181 55                     441 	.db #0x55	; 85	'U'
      000182 AA                     442 	.db #0xaa	; 170
      000183 AA                     443 	.db #0xaa	; 170
      000184 55                     444 	.db #0x55	; 85	'U'
      000185 55                     445 	.db #0x55	; 85	'U'
      000186 AA                     446 	.db #0xaa	; 170
      000187 AA                     447 	.db #0xaa	; 170
      000188 55                     448 	.db #0x55	; 85	'U'
      000189 55                     449 	.db #0x55	; 85	'U'
      00018A AA                     450 	.db #0xaa	; 170
      00018B AA                     451 	.db #0xaa	; 170
      00018C 55                     452 	.db #0x55	; 85	'U'
      00018D 55                     453 	.db #0x55	; 85	'U'
      00018E AB                     454 	.db #0xab	; 171
      00018F AB                     455 	.db #0xab	; 171
      000190 55                     456 	.db #0x55	; 85	'U'
      000191 55                     457 	.db #0x55	; 85	'U'
      000192 AB                     458 	.db #0xab	; 171
      000193 AB                     459 	.db #0xab	; 171
      000194 55                     460 	.db #0x55	; 85	'U'
      000195 55                     461 	.db #0x55	; 85	'U'
      000196 AB                     462 	.db #0xab	; 171
      000197 AB                     463 	.db #0xab	; 171
      000198 55                     464 	.db #0x55	; 85	'U'
      000199 55                     465 	.db #0x55	; 85	'U'
      00019A AB                     466 	.db #0xab	; 171
      00019B AB                     467 	.db #0xab	; 171
      00019C 55                     468 	.db #0x55	; 85	'U'
      00019D 55                     469 	.db #0x55	; 85	'U'
      00019E AA                     470 	.db #0xaa	; 170
      00019F AA                     471 	.db #0xaa	; 170
      0001A0 55                     472 	.db #0x55	; 85	'U'
      0001A1 55                     473 	.db #0x55	; 85	'U'
      0001A2 AA                     474 	.db #0xaa	; 170
      0001A3 AA                     475 	.db #0xaa	; 170
      0001A4 55                     476 	.db #0x55	; 85	'U'
      0001A5 55                     477 	.db #0x55	; 85	'U'
      0001A6 AA                     478 	.db #0xaa	; 170
      0001A7 AA                     479 	.db #0xaa	; 170
      0001A8 55                     480 	.db #0x55	; 85	'U'
      0001A9 55                     481 	.db #0x55	; 85	'U'
      0001AA AA                     482 	.db #0xaa	; 170
      0001AB AB                     483 	.db #0xab	; 171
      0001AC 55                     484 	.db #0x55	; 85	'U'
      0001AD 55                     485 	.db #0x55	; 85	'U'
      0001AE AA                     486 	.db #0xaa	; 170
      0001AF AA                     487 	.db #0xaa	; 170
      0001B0 55                     488 	.db #0x55	; 85	'U'
      0001B1 55                     489 	.db #0x55	; 85	'U'
      0001B2 AA                     490 	.db #0xaa	; 170
      0001B3 AA                     491 	.db #0xaa	; 170
      0001B4 55                     492 	.db #0x55	; 85	'U'
      0001B5 55                     493 	.db #0x55	; 85	'U'
      0001B6 AA                     494 	.db #0xaa	; 170
      0001B7 AA                     495 	.db #0xaa	; 170
      0001B8 55                     496 	.db #0x55	; 85	'U'
      0001B9 55                     497 	.db #0x55	; 85	'U'
      0001BA AA                     498 	.db #0xaa	; 170
      0001BB FF                     499 	.db #0xff	; 255
      0001BC FF                     500 	.db #0xff	; 255
      0001BD 55                     501 	.db #0x55	; 85	'U'
      0001BE AA                     502 	.db #0xaa	; 170
      0001BF AA                     503 	.db #0xaa	; 170
      0001C0 55                     504 	.db #0x55	; 85	'U'
      0001C1 55                     505 	.db #0x55	; 85	'U'
      0001C2 AA                     506 	.db #0xaa	; 170
      0001C3 AA                     507 	.db #0xaa	; 170
      0001C4 55                     508 	.db #0x55	; 85	'U'
      0001C5 55                     509 	.db #0x55	; 85	'U'
      0001C6 AA                     510 	.db #0xaa	; 170
      0001C7 AA                     511 	.db #0xaa	; 170
      0001C8 55                     512 	.db #0x55	; 85	'U'
      0001C9 55                     513 	.db #0x55	; 85	'U'
      0001CA AA                     514 	.db #0xaa	; 170
      0001CB AA                     515 	.db #0xaa	; 170
      0001CC D5                     516 	.db #0xd5	; 213
      0001CD D5                     517 	.db #0xd5	; 213
      0001CE AA                     518 	.db #0xaa	; 170
      0001CF AA                     519 	.db #0xaa	; 170
      0001D0 D5                     520 	.db #0xd5	; 213
      0001D1 D5                     521 	.db #0xd5	; 213
      0001D2 AA                     522 	.db #0xaa	; 170
      0001D3 AA                     523 	.db #0xaa	; 170
      0001D4 D5                     524 	.db #0xd5	; 213
      0001D5 D5                     525 	.db #0xd5	; 213
      0001D6 AA                     526 	.db #0xaa	; 170
      0001D7 AA                     527 	.db #0xaa	; 170
      0001D8 D5                     528 	.db #0xd5	; 213
      0001D9 D5                     529 	.db #0xd5	; 213
      0001DA AA                     530 	.db #0xaa	; 170
      0001DB AA                     531 	.db #0xaa	; 170
      0001DC D5                     532 	.db #0xd5	; 213
      0001DD D5                     533 	.db #0xd5	; 213
      0001DE AA                     534 	.db #0xaa	; 170
      0001DF AA                     535 	.db #0xaa	; 170
      0001E0 55                     536 	.db #0x55	; 85	'U'
      0001E1 55                     537 	.db #0x55	; 85	'U'
      0001E2 AA                     538 	.db #0xaa	; 170
      0001E3 AA                     539 	.db #0xaa	; 170
      0001E4 55                     540 	.db #0x55	; 85	'U'
      0001E5 55                     541 	.db #0x55	; 85	'U'
      0001E6 AA                     542 	.db #0xaa	; 170
      0001E7 AA                     543 	.db #0xaa	; 170
      0001E8 55                     544 	.db #0x55	; 85	'U'
      0001E9 55                     545 	.db #0x55	; 85	'U'
      0001EA AA                     546 	.db #0xaa	; 170
      0001EB AA                     547 	.db #0xaa	; 170
      0001EC 55                     548 	.db #0x55	; 85	'U'
                                    549 	.area _CABS (ABS)
