ASxxxx Linker V03.00 + NoICE + sdld,  page 1.
Hexadecimal  [32-Bits]

Area                                    Addr        Size        Decimal Bytes (Attributes)
--------------------------------        ----        ----        ------- ----- ------------
.  .ABS.                            00000000    00000000 =           0. bytes (ABS,CON)

      Value  Global                              Global Defined In Module
      -----  --------------------------------   ------------------------
     00000000  .__.ABS.                           
     00000000  l__CABS                         
     00000000  l__CODE_0                       
     00000000  l__DABS                         
     00000000  l__HEADER                       
     00000000  l__HEAP                         
     00000000  l__HRAM                         
     00000000  l__LIT                          
     00000000  l__SFR                          
     00000000  s__CABS                         
     00000000  s__DABS                         
     00000000  s__HEADER                       
     00000000  s__HEADER0                      
     00000000  s__HEADER1                      
     00000000  s__HEADER10                     
     00000000  s__HEADER11                     
     00000000  s__HEADER2                      
     00000000  s__HEADER3                      
     00000000  s__HEADER4                      
     00000000  s__HEADER5                      
     00000000  s__HEADER6                      
     00000000  s__HEADER7                      
     00000000  s__HEADER8                      
     00000000  s__HEADER9                      
     00000000  s__HEADERa                      
     00000000  s__HEADERb                      
     00000000  s__HEADERc                      
     00000000  s__HEADERd                      
     00000000  s__HEADERe                      
     00000000  s__HEADERf                      
     00000000  s__HRAM                         
     00000000  s__HRAM12                       
     00000000  s__SFR                          
     00000000  s__SFR0                         
     00000000  s__SFR1                         
     00000000  s__SFR10                        
     00000000  s__SFR11                        
     00000000  s__SFR12                        
     00000000  s__SFR13                        
     00000000  s__SFR14                        
     00000000  s__SFR15                        
     00000000  s__SFR16                        
     00000000  s__SFR17                        
     00000000  s__SFR18                        
     00000000  s__SFR19                        
     00000000  s__SFR1a                        
     00000000  s__SFR1b                        
     00000000  s__SFR1c                        
     00000000  s__SFR1d                        
     00000000  s__SFR1e                        
ASxxxx Linker V03.00 + NoICE + sdld,  page 2.
Hexadecimal  [32-Bits]

Area                                    Addr        Size        Decimal Bytes (Attributes)
--------------------------------        ----        ----        ------- ----- ------------
.  .ABS.                            00000000    00000000 =           0. bytes (ABS,CON)

      Value  Global                              Global Defined In Module
      -----  --------------------------------   ------------------------
     00000000  s__SFR1f                        
     00000000  s__SFR2                         
     00000000  s__SFR20                        
     00000000  s__SFR21                        
     00000000  s__SFR22                        
     00000000  s__SFR23                        
     00000000  s__SFR24                        
     00000000  s__SFR25                        
     00000000  s__SFR26                        
     00000000  s__SFR27                        
     00000000  s__SFR28                        
     00000000  s__SFR29                        
     00000000  s__SFR2a                        
     00000000  s__SFR2b                        
     00000000  s__SFR2c                        
     00000000  s__SFR2d                        
     00000000  s__SFR2e                        
     00000000  s__SFR2f                        
     00000000  s__SFR3                         
     00000000  s__SFR30                        
     00000000  s__SFR31                        
     00000000  s__SFR32                        
     00000000  s__SFR33                        
     00000000  s__SFR34                        
     00000000  s__SFR35                        
     00000000  s__SFR36                        
     00000000  s__SFR4                         
     00000000  s__SFR5                         
     00000000  s__SFR6                         
     00000000  s__SFR7                         
     00000000  s__SFR8                         
     00000000  s__SFR9                         
     00000000  s__SFRa                         
     00000000  s__SFRb                         
     00000000  s__SFRc                         
     00000000  s__SFRd                         
     00000000  s__SFRe                         
     00000000  s__SFRf                         
     00000001  l__GSFINAL                      
     00000001  l__HEADER0                      
     00000001  l__HEADER11                     
     00000001  l__HEADER9                      
     00000001  l__HEADERa                      
     00000001  l__HEADERb                      
     00000001  l__HEADERd                      
     00000001  l__HEADERe                      
     00000001  l__SFR0                         
     00000001  l__SFR1                         
     00000001  l__SFR10                        
     00000001  l__SFR11                        
     00000001  l__SFR12                        
ASxxxx Linker V03.00 + NoICE + sdld,  page 3.
Hexadecimal  [32-Bits]

Area                                    Addr        Size        Decimal Bytes (Attributes)
--------------------------------        ----        ----        ------- ----- ------------
.  .ABS.                            00000000    00000000 =           0. bytes (ABS,CON)

      Value  Global                              Global Defined In Module
      -----  --------------------------------   ------------------------
     00000001  l__SFR13                        
     00000001  l__SFR14                        
     00000001  l__SFR15                        
     00000001  l__SFR16                        
     00000001  l__SFR17                        
     00000001  l__SFR18                        
     00000001  l__SFR19                        
     00000001  l__SFR1a                        
     00000001  l__SFR1b                        
     00000001  l__SFR1c                        
     00000001  l__SFR1d                        
     00000001  l__SFR1e                        
     00000001  l__SFR1f                        
     00000001  l__SFR2                         
     00000001  l__SFR20                        
     00000001  l__SFR21                        
     00000001  l__SFR22                        
     00000001  l__SFR23                        
     00000001  l__SFR24                        
     00000001  l__SFR25                        
     00000001  l__SFR26                        
     00000001  l__SFR27                        
     00000001  l__SFR28                        
     00000001  l__SFR29                        
     00000001  l__SFR2a                        
     00000001  l__SFR2b                        
     00000001  l__SFR2c                        
     00000001  l__SFR2d                        
     00000001  l__SFR2e                        
     00000001  l__SFR2f                        
     00000001  l__SFR3                         
     00000001  l__SFR30                        
     00000001  l__SFR31                        
     00000001  l__SFR32                        
     00000001  l__SFR33                        
     00000001  l__SFR34                        
     00000001  l__SFR35                        
     00000001  l__SFR36                        
     00000001  l__SFR4                         
     00000001  l__SFR5                         
     00000001  l__SFR6                         
     00000001  l__SFR7                         
     00000001  l__SFR8                         
     00000001  l__SFR9                         
     00000001  l__SFRa                         
     00000001  l__SFRb                         
     00000001  l__SFRc                         
     00000001  l__SFRd                         
     00000001  l__SFRe                         
     00000001  l__SFRf                         
     00000002  l__HEADER5                      
ASxxxx Linker V03.00 + NoICE + sdld,  page 4.
Hexadecimal  [32-Bits]

Area                                    Addr        Size        Decimal Bytes (Attributes)
--------------------------------        ----        ----        ------- ----- ------------
.  .ABS.                            00000000    00000000 =           0. bytes (ABS,CON)

      Value  Global                              Global Defined In Module
      -----  --------------------------------   ------------------------
     00000002  l__HEADERc                      
     00000002  l__HEADERf                      
     00000003  l__HEADER8                      
     00000003  l__HRAM12                       
     00000005  l__HEADER1                      
     00000006  l__HEADER7                      
     00000007  l__HEADER2                      
     00000008  l__HEADER3                      
     0000001A  l__BSS                          
     00000026  l__GSINIT                       
     0000002C  l__HEADER4                      
     00000030  l__HEADER6                      
     0000006A  l__HOME                         
     00000083  l__HEADER10                     
     0000011B  l__BASE                         
     00000200  s__CODE                         
     000002FA  l__DATA                         
     0000054C  l__INITIALIZED                  
     0000054C  l__INITIALIZER                  
     0000141F  l__CODE                         
     0000161F  s__HOME                         
     00001689  s__BASE                         
     000017A4  s__CODE_0                       
     000017A4  s__INITIALIZER                  
     000017A4  s__LIT                          
     00001CF0  s__GSINIT                       
     00001D16  s__GSFINAL                      
     0000C000  _shadow_OAM                     
     0000C0A0  s__DATA                         
     0000C39A  s__BSS                          
     0000C3B4  s__INITIALIZED                  
     0000C900  s__HEAP                         
     0000E000  .STACK                          
     0000FF80  .refresh_OAM                    
ASxxxx Linker V03.00 + NoICE + sdld,  page 5.
Hexadecimal  [32-Bits]

Area                                    Addr        Size        Decimal Bytes (Attributes)
--------------------------------        ----        ----        ------- ----- ------------
_CODE                               00000200    0000141F =        5151. bytes (REL,CON)

      Value  Global                              Global Defined In Module
      -----  --------------------------------   ------------------------
     00000200  A$main$140                         main
     00000200  C$main.c$36$0_0$109                main
     00000200  C$main.c$37$1_0$109                main
     00000200  G$wait_vlb_done_two$0$0            main
     00000200  _wait_vlb_done_two                 main
     00000203  A$main$141                         main
     00000204  A$main$152                         main
     00000204  C$main.c$38$1_0$109                main
     00000204  C$main.c$39$1_0$109                main
     00000204  XG$wait_vlb_done_two$0$0           main
     00000207  G$splash_data$0_0$0                main
     00000207  _splash_data                       main
     000007E7  G$splash_map$0_0$0                 main
     000007E7  _splash_map                        main
     0000094F  G$edgeTile$0_0$0                   main
     0000094F  _edgeTile                          main
     00000958  G$flagTile$0_0$0                   main
     00000958  _flagTile                          main
     00000959  G$coveredTile$0_0$0                main
     00000959  _coveredTile                       main
     0000095A  A$main$2050                        main
     0000095A  C$main.c$41$1_0$112                main
     0000095A  G$performantdelay$0$0              main
     0000095A  _performantdelay                   main
     0000095C  A$main$2052                        main
     0000095D  A$main$2053                        main
     0000095F  A$main$2054                        main
     00000960  A$main$2055                        main
     00000961  A$main$2059                        main
     00000961  C$main.c$44$3_0$113                main
     00000962  A$main$2060                        main
     00000965  A$main$2061                        main
     00000966  A$main$2065                        main
     00000966  C$main.c$43$2_0$112                main
     00000967  A$main$2073                        main
     00000967  C$main.c$46$2_0$112                main
     00000967  XG$performantdelay$0$0             main
     00000969  A$main$2083                        main
     00000969  C$main.c$48$2_0$115                main
     00000969  G$surround$0$0                     main
     00000969  _surround                          main
     0000096B  A$main$2087                        main
     0000096B  C$main.c$50$2_0$115                main
     0000096D  A$main$2091                        main
     0000096D  C$main.c$52$7_0$121                main
     0000096F  A$main$2092                        main
     00000971  A$main$2094                        main
     00000973  A$main$2095                        main
     00000974  A$main$2096                        main
     00000976  A$main$2097                        main
ASxxxx Linker V03.00 + NoICE + sdld,  page 6.
Hexadecimal  [32-Bits]

Area                                    Addr        Size        Decimal Bytes (Attributes)
--------------------------------        ----        ----        ------- ----- ------------
_CODE                               00000200    0000141F =        5151. bytes (REL,CON)

      Value  Global                              Global Defined In Module
      -----  --------------------------------   ------------------------
     00000977  A$main$2098                        main
     00000978  A$main$2099                        main
     0000097A  A$main$2100                        main
     0000097C  A$main$2101                        main
     0000097E  A$main$2102                        main
     00000980  A$main$2103                        main
     00000981  A$main$2104                        main
     00000983  A$main$2106                        main
     00000985  A$main$2107                        main
     00000987  A$main$2108                        main
     00000988  A$main$2110                        main
     0000098B  A$main$2114                        main
     0000098B  C$main.c$53$1_0$115                main
     0000098D  A$main$2115                        main
     0000098F  A$main$2117                        main
     00000991  A$main$2118                        main
     00000992  A$main$2119                        main
     00000994  A$main$2120                        main
     00000995  A$main$2121                        main
     00000996  A$main$2122                        main
     00000998  A$main$2123                        main
     0000099A  A$main$2124                        main
     0000099C  A$main$2125                        main
     0000099E  A$main$2126                        main
     0000099F  A$main$2127                        main
     000009A1  A$main$2129                        main
     000009A3  A$main$2130                        main
     000009A5  A$main$2131                        main
     000009A6  A$main$2133                        main
     000009A9  A$main$2137                        main
     000009A9  C$main.c$54$5_0$119                main
     000009AB  A$main$2138                        main
     000009AC  A$main$2139                        main
     000009AD  A$main$2140                        main
     000009AE  A$main$2141                        main
     000009AF  A$main$2142                        main
     000009B0  A$main$2143                        main
     000009B2  A$main$2144                        main
     000009B3  A$main$2147                        main
     000009B5  A$main$2150                        main
     000009B6  A$main$2151                        main
     000009B7  A$main$2152                        main
     000009B8  A$main$2153                        main
     000009B9  A$main$2154                        main
     000009BB  A$main$2155                        main
     000009BD  A$main$2156                        main
     000009BF  A$main$2157                        main
     000009C0  A$main$2158                        main
     000009C2  A$main$2159                        main
     000009C3  A$main$2160                        main
     000009C4  A$main$2161                        main
ASxxxx Linker V03.00 + NoICE + sdld,  page 7.
Hexadecimal  [32-Bits]

Area                                    Addr        Size        Decimal Bytes (Attributes)
--------------------------------        ----        ----        ------- ----- ------------
_CODE                               00000200    0000141F =        5151. bytes (REL,CON)

      Value  Global                              Global Defined In Module
      -----  --------------------------------   ------------------------
     000009C6  A$main$2162                        main
     000009C7  A$main$2163                        main
     000009C9  A$main$2164                        main
     000009CA  A$main$2165                        main
     000009CC  A$main$2166                        main
     000009CE  A$main$2167                        main
     000009D0  A$main$2168                        main
     000009D2  A$main$2169                        main
     000009D3  A$main$2170                        main
     000009D5  A$main$2172                        main
     000009D7  A$main$2173                        main
     000009D9  A$main$2174                        main
     000009DA  A$main$2176                        main
     000009DC  A$main$2180                        main
     000009DC  C$main.c$55$6_0$120                main
     000009DE  A$main$2181                        main
     000009DF  A$main$2182                        main
     000009E0  A$main$2183                        main
     000009E1  A$main$2184                        main
     000009E2  A$main$2185                        main
     000009E3  A$main$2186                        main
     000009E5  A$main$2187                        main
     000009E6  A$main$2188                        main
     000009E8  A$main$2189                        main
     000009E9  A$main$2190                        main
     000009EB  A$main$2191                        main
     000009ED  A$main$2192                        main
     000009EE  A$main$2193                        main
     000009F0  A$main$2194                        main
     000009F2  A$main$2195                        main
     000009F3  A$main$2196                        main
     000009F5  A$main$2197                        main
     000009F6  A$main$2198                        main
     000009F8  A$main$2199                        main
     000009FA  A$main$2200                        main
     000009FC  A$main$2201                        main
     000009FE  A$main$2202                        main
     000009FF  A$main$2203                        main
     00000A01  A$main$2205                        main
     00000A03  A$main$2206                        main
     00000A05  A$main$2207                        main
     00000A06  A$main$2209                        main
     00000A08  A$main$2213                        main
     00000A08  C$main.c$57$7_0$121                main
     00000A09  A$main$2214                        main
     00000A0A  A$main$2215                        main
     00000A0B  A$main$2216                        main
     00000A0C  A$main$2217                        main
     00000A0D  A$main$2218                        main
     00000A0E  A$main$2219                        main
     00000A0F  A$main$2220                        main
ASxxxx Linker V03.00 + NoICE + sdld,  page 8.
Hexadecimal  [32-Bits]

Area                                    Addr        Size        Decimal Bytes (Attributes)
--------------------------------        ----        ----        ------- ----- ------------
_CODE                               00000200    0000141F =        5151. bytes (REL,CON)

      Value  Global                              Global Defined In Module
      -----  --------------------------------   ------------------------
     00000A10  A$main$2221                        main
     00000A11  A$main$2222                        main
     00000A12  A$main$2223                        main
     00000A13  A$main$2224                        main
     00000A15  A$main$2225                        main
     00000A16  A$main$2226                        main
     00000A17  A$main$2227                        main
     00000A19  A$main$2228                        main
     00000A1A  A$main$2229                        main
     00000A1C  A$main$2230                        main
     00000A1D  A$main$2231                        main
     00000A1F  A$main$2232                        main
     00000A20  A$main$2233                        main
     00000A21  A$main$2234                        main
     00000A23  A$main$2235                        main
     00000A24  A$main$2236                        main
     00000A25  A$main$2237                        main
     00000A26  A$main$2238                        main
     00000A28  A$main$2242                        main
     00000A28  C$main.c$58$8_0$122                main
     00000A29  A$main$2247                        main
     00000A29  C$main.c$53$4_0$118                main
     00000A2B  A$main$2248                        main
     00000A2C  A$main$2249                        main
     00000A2F  A$main$2254                        main
     00000A2F  C$main.c$52$2_0$116                main
     00000A31  A$main$2255                        main
     00000A32  A$main$2256                        main
     00000A35  A$main$2261                        main
     00000A35  C$main.c$65$1_0$115                main
     00000A37  A$main$2262                        main
     00000A38  A$main$2263                        main
     00000A3A  A$main$2264                        main
     00000A3B  A$main$2265                        main
     00000A3C  A$main$2266                        main
     00000A3D  A$main$2267                        main
     00000A3E  A$main$2268                        main
     00000A3F  A$main$2269                        main
     00000A40  A$main$2270                        main
     00000A41  A$main$2271                        main
     00000A42  A$main$2272                        main
     00000A43  A$main$2273                        main
     00000A44  A$main$2274                        main
     00000A46  A$main$2275                        main
     00000A47  A$main$2276                        main
     00000A48  A$main$2277                        main
     00000A49  A$main$2278                        main
     00000A4B  A$main$2279                        main
     00000A4C  A$main$2280                        main
     00000A4F  A$main$2281                        main
     00000A50  A$main$2282                        main
ASxxxx Linker V03.00 + NoICE + sdld,  page 9.
Hexadecimal  [32-Bits]

Area                                    Addr        Size        Decimal Bytes (Attributes)
--------------------------------        ----        ----        ------- ----- ------------
_CODE                               00000200    0000141F =        5151. bytes (REL,CON)

      Value  Global                              Global Defined In Module
      -----  --------------------------------   ------------------------
     00000A51  A$main$2283                        main
     00000A52  A$main$2284                        main
     00000A53  A$main$2285                        main
     00000A54  A$main$2286                        main
     00000A55  A$main$2287                        main
     00000A57  A$main$2288                        main
     00000A58  A$main$2289                        main
     00000A5A  A$main$2290                        main
     00000A5B  A$main$2291                        main
     00000A5C  A$main$2292                        main
     00000A5D  A$main$2293                        main
     00000A5F  A$main$2297                        main
     00000A5F  C$main.c$66$2_0$123                main
     00000A61  A$main$2302                        main
     00000A61  C$main.c$68$1_0$115                main
     00000A63  A$main$2303                        main
     00000A64  A$main$2307                        main
     00000A66  A$main$2312                        main
     00000A66  C$main.c$69$1_0$115                main
     00000A66  XG$surround$0$0                    main
     00000A67  A$main$2322                        main
     00000A67  C$main.c$71$1_0$124                main
     00000A67  G$resetmap$0$0                     main
     00000A67  _resetmap                          main
     00000A69  A$main$2326                        main
     00000A69  C$main.c$72$5_0$128                main
     00000A6B  A$main$2327                        main
     00000A6D  A$main$2329                        main
     00000A6F  A$main$2330                        main
     00000A71  A$main$2331                        main
     00000A72  A$main$2332                        main
     00000A74  A$main$2336                        main
     00000A74  C$main.c$73$2_0$124                main
     00000A75  A$main$2337                        main
     00000A77  A$main$2339                        main
     00000A79  A$main$2340                        main
     00000A7B  A$main$2341                        main
     00000A7C  A$main$2342                        main
     00000A7E  A$main$2346                        main
     00000A7E  C$main.c$74$5_0$128                main
     00000A7F  A$main$2347                        main
     00000A80  A$main$2348                        main
     00000A81  A$main$2349                        main
     00000A82  A$main$2350                        main
     00000A84  A$main$2351                        main
     00000A85  A$main$2352                        main
     00000A86  A$main$2353                        main
     00000A87  A$main$2354                        main
     00000A88  A$main$2355                        main
     00000A89  A$main$2356                        main
     00000A8A  A$main$2357                        main
ASxxxx Linker V03.00 + NoICE + sdld,  page 10.
Hexadecimal  [32-Bits]

Area                                    Addr        Size        Decimal Bytes (Attributes)
--------------------------------        ----        ----        ------- ----- ------------
_CODE                               00000200    0000141F =        5151. bytes (REL,CON)

      Value  Global                              Global Defined In Module
      -----  --------------------------------   ------------------------
     00000A8B  A$main$2358                        main
     00000A8C  A$main$2359                        main
     00000A8D  A$main$2360                        main
     00000A8E  A$main$2361                        main
     00000A8F  A$main$2362                        main
     00000A90  A$main$2363                        main
     00000A92  A$main$2364                        main
     00000A93  A$main$2365                        main
     00000A95  A$main$2366                        main
     00000A96  A$main$2367                        main
     00000A97  A$main$2368                        main
     00000A98  A$main$2372                        main
     00000A98  C$main.c$75$5_0$128                main
     00000A9B  A$main$2373                        main
     00000A9C  A$main$2374                        main
     00000A9E  A$main$2378                        main
     00000A9E  C$main.c$73$4_0$127                main
     00000AA0  A$main$2379                        main
     00000AA1  A$main$2380                        main
     00000AA3  A$main$2385                        main
     00000AA3  C$main.c$72$2_0$125                main
     00000AA5  A$main$2386                        main
     00000AA6  A$main$2387                        main
     00000AA8  A$main$2392                        main
     00000AA8  C$main.c$78$5_0$132                main
     00000AAA  A$main$2394                        main
     00000AAC  A$main$2395                        main
     00000AAD  A$main$2396                        main
     00000AAF  A$main$2400                        main
     00000AAF  C$main.c$79$2_0$124                main
     00000AB1  A$main$2402                        main
     00000AB3  A$main$2403                        main
     00000AB4  A$main$2404                        main
     00000AB6  A$main$2408                        main
     00000AB6  C$main.c$80$5_0$132                main
     00000AB7  A$main$2411                        main
     00000AB9  A$main$2414                        main
     00000ABA  A$main$2415                        main
     00000ABB  A$main$2416                        main
     00000ABC  A$main$2417                        main
     00000ABD  A$main$2418                        main
     00000ABE  A$main$2419                        main
     00000ABF  A$main$2420                        main
     00000AC0  A$main$2421                        main
     00000AC1  A$main$2422                        main
     00000AC2  A$main$2423                        main
     00000AC4  A$main$2424                        main
     00000AC5  A$main$2425                        main
     00000AC6  A$main$2426                        main
     00000AC7  A$main$2427                        main
     00000AC9  A$main$2428                        main
ASxxxx Linker V03.00 + NoICE + sdld,  page 11.
Hexadecimal  [32-Bits]

Area                                    Addr        Size        Decimal Bytes (Attributes)
--------------------------------        ----        ----        ------- ----- ------------
_CODE                               00000200    0000141F =        5151. bytes (REL,CON)

      Value  Global                              Global Defined In Module
      -----  --------------------------------   ------------------------
     00000ACA  A$main$2429                        main
     00000ACB  A$main$2430                        main
     00000ACD  A$main$2431                        main
     00000ACF  A$main$2432                        main
     00000AD0  A$main$2433                        main
     00000AD1  A$main$2434                        main
     00000AD2  A$main$2435                        main
     00000AD3  A$main$2436                        main
     00000AD4  A$main$2437                        main
     00000AD5  A$main$2441                        main
     00000AD5  C$main.c$81$5_0$132                main
     00000AD8  A$main$2442                        main
     00000AD9  A$main$2443                        main
     00000ADB  A$main$2447                        main
     00000ADB  C$main.c$82$5_0$132                main
     00000ADE  A$main$2448                        main
     00000ADF  A$main$2449                        main
     00000AE1  A$main$2453                        main
     00000AE1  C$main.c$79$4_0$131                main
     00000AE2  A$main$2454                        main
     00000AE4  A$main$2459                        main
     00000AE4  C$main.c$78$2_0$129                main
     00000AE5  A$main$2460                        main
     00000AE7  A$main$2465                        main
     00000AE9  A$main$2470                        main
     00000AE9  C$main.c$85$2_0$124                main
     00000AE9  XG$resetmap$0$0                    main
     00000AEA  A$main$2480                        main
     00000AEA  C$main.c$87$2_0$134                main
     00000AEA  G$generateMines$0$0                main
     00000AEA  _generateMines                     main
     00000AEC  A$main$2484                        main
     00000AEC  C$main.c$89$5_0$138                main
     00000AEE  A$main$2485                        main
     00000AF0  A$main$2487                        main
     00000AF2  A$main$2488                        main
     00000AF3  A$main$2489                        main
     00000AF5  A$main$2490                        main
     00000AF6  A$main$2491                        main
     00000AF8  A$main$2495                        main
     00000AF8  C$main.c$90$5_0$138                main
     00000AF9  A$main$2496                        main
     00000AFB  A$main$2497                        main
     00000AFC  A$main$2498                        main
     00000AFD  A$main$2499                        main
     00000AFE  A$main$2500                        main
     00000AFF  A$main$2501                        main
     00000B00  A$main$2502                        main
     00000B01  A$main$2503                        main
     00000B02  A$main$2504                        main
     00000B03  A$main$2505                        main
ASxxxx Linker V03.00 + NoICE + sdld,  page 12.
Hexadecimal  [32-Bits]

Area                                    Addr        Size        Decimal Bytes (Attributes)
--------------------------------        ----        ----        ------- ----- ------------
_CODE                               00000200    0000141F =        5151. bytes (REL,CON)

      Value  Global                              Global Defined In Module
      -----  --------------------------------   ------------------------
     00000B06  A$main$2506                        main
     00000B07  A$main$2507                        main
     00000B08  A$main$2508                        main
     00000B09  A$main$2509                        main
     00000B0B  A$main$2510                        main
     00000B0D  A$main$2512                        main
     00000B0F  A$main$2513                        main
     00000B10  A$main$2514                        main
     00000B12  A$main$2515                        main
     00000B13  A$main$2516                        main
     00000B15  A$main$2520                        main
     00000B15  C$main.c$91$5_0$138                main
     00000B16  A$main$2521                        main
     00000B18  A$main$2522                        main
     00000B19  A$main$2523                        main
     00000B1A  A$main$2524                        main
     00000B1B  A$main$2525                        main
     00000B1C  A$main$2526                        main
     00000B1D  A$main$2530                        main
     00000B1D  C$main.c$90$4_0$137                main
     00000B1F  A$main$2531                        main
     00000B20  A$main$2532                        main
     00000B22  A$main$2537                        main
     00000B22  C$main.c$89$2_0$135                main
     00000B24  A$main$2538                        main
     00000B25  A$main$2539                        main
     00000B27  A$main$2544                        main
     00000B27  C$main.c$97$2_0$139                main
     00000B29  A$main$2545                        main
     00000B2B  A$main$2549                        main
     00000B2B  C$main.c$99$2_1$140                main
     00000B2D  A$main$2550                        main
     00000B2E  A$main$2551                        main
     00000B30  A$main$2552                        main
     00000B31  A$main$2553                        main
     00000B33  A$main$2555                        main
     00000B35  A$main$2556                        main
     00000B36  A$main$2557                        main
     00000B37  A$main$2558                        main
     00000B3A  A$main$2562                        main
     00000B3A  C$main.c$100$2_1$140               main
     00000B3D  A$main$2563                        main
     00000B3E  A$main$2564                        main
     00000B3F  A$main$2565                        main
     00000B40  A$main$2566                        main
     00000B43  A$main$2567                        main
     00000B44  A$main$2568                        main
     00000B45  A$main$2569                        main
     00000B46  A$main$2570                        main
     00000B49  A$main$2571                        main
     00000B4B  A$main$2572                        main
ASxxxx Linker V03.00 + NoICE + sdld,  page 13.
Hexadecimal  [32-Bits]

Area                                    Addr        Size        Decimal Bytes (Attributes)
--------------------------------        ----        ----        ------- ----- ------------
_CODE                               00000200    0000141F =        5151. bytes (REL,CON)

      Value  Global                              Global Defined In Module
      -----  --------------------------------   ------------------------
     00000B4D  A$main$2573                        main
     00000B4E  A$main$2577                        main
     00000B4E  C$main.c$101$2_1$140               main
     00000B51  A$main$2578                        main
     00000B52  A$main$2579                        main
     00000B53  A$main$2580                        main
     00000B54  A$main$2581                        main
     00000B57  A$main$2582                        main
     00000B58  A$main$2583                        main
     00000B59  A$main$2584                        main
     00000B5A  A$main$2585                        main
     00000B5D  A$main$2586                        main
     00000B5F  A$main$2587                        main
     00000B61  A$main$2591                        main
     00000B61  C$main.c$102$2_1$140               main
     00000B62  A$main$2592                        main
     00000B63  A$main$2593                        main
     00000B64  A$main$2594                        main
     00000B66  A$main$2595                        main
     00000B67  A$main$2596                        main
     00000B68  A$main$2597                        main
     00000B69  A$main$2598                        main
     00000B6A  A$main$2599                        main
     00000B6B  A$main$2600                        main
     00000B6C  A$main$2601                        main
     00000B6D  A$main$2602                        main
     00000B6E  A$main$2603                        main
     00000B71  A$main$2604                        main
     00000B72  A$main$2605                        main
     00000B73  A$main$2606                        main
     00000B74  A$main$2607                        main
     00000B76  A$main$2608                        main
     00000B77  A$main$2609                        main
     00000B79  A$main$2610                        main
     00000B7A  A$main$2611                        main
     00000B7B  A$main$2612                        main
     00000B7C  A$main$2613                        main
     00000B7E  A$main$2614                        main
     00000B7F  A$main$2615                        main
     00000B80  A$main$2616                        main
     00000B81  A$main$2617                        main
     00000B83  A$main$2618                        main
     00000B84  A$main$2619                        main
     00000B85  A$main$2620                        main
     00000B86  A$main$2621                        main
     00000B87  A$main$2622                        main
     00000B88  A$main$2623                        main
     00000B89  A$main$2624                        main
     00000B8B  A$main$2625                        main
     00000B8D  A$main$2626                        main
     00000B8E  A$main$2627                        main
ASxxxx Linker V03.00 + NoICE + sdld,  page 14.
Hexadecimal  [32-Bits]

Area                                    Addr        Size        Decimal Bytes (Attributes)
--------------------------------        ----        ----        ------- ----- ------------
_CODE                               00000200    0000141F =        5151. bytes (REL,CON)

      Value  Global                              Global Defined In Module
      -----  --------------------------------   ------------------------
     00000B90  A$main$2628                        main
     00000B92  A$main$2629                        main
     00000B93  A$main$2630                        main
     00000B94  A$main$2631                        main
     00000B96  A$main$2632                        main
     00000B98  A$main$2636                        main
     00000B98  C$main.c$103$3_1$141               main
     00000B99  A$main$2637                        main
     00000B9A  A$main$2638                        main
     00000B9B  A$main$2639                        main
     00000B9C  A$main$2640                        main
     00000B9E  A$main$2644                        main
     00000B9E  C$main.c$104$3_1$141               main
     00000BA1  A$main$2645                        main
     00000BA3  A$main$2646                        main
     00000BA4  A$main$2647                        main
     00000BA6  A$main$2648                        main
     00000BA7  A$main$2649                        main
     00000BA8  A$main$2650                        main
     00000BA9  A$main$2651                        main
     00000BAB  A$main$2652                        main
     00000BAC  A$main$2653                        main
     00000BAD  A$main$2657                        main
     00000BAD  C$main.c$105$3_1$141               main
     00000BB0  A$main$2658                        main
     00000BB2  A$main$2659                        main
     00000BB3  A$main$2660                        main
     00000BB5  A$main$2661                        main
     00000BB6  A$main$2662                        main
     00000BB7  A$main$2663                        main
     00000BB8  A$main$2664                        main
     00000BBA  A$main$2665                        main
     00000BBB  A$main$2666                        main
     00000BBC  A$main$2670                        main
     00000BBC  C$main.c$107$3_2$142               main
     00000BBD  A$main$2671                        main
     00000BBE  A$main$2672                        main
     00000BBF  A$main$2673                        main
     00000BC0  A$main$2674                        main
     00000BC1  A$main$2675                        main
     00000BC2  A$main$2676                        main
     00000BC3  A$main$2677                        main
     00000BC4  A$main$2678                        main
     00000BC5  A$main$2679                        main
     00000BC6  A$main$2680                        main
     00000BC7  A$main$2681                        main
     00000BC8  A$main$2682                        main
     00000BC9  A$main$2683                        main
     00000BCA  A$main$2684                        main
     00000BCB  A$main$2685                        main
     00000BCC  A$main$2686                        main
ASxxxx Linker V03.00 + NoICE + sdld,  page 15.
Hexadecimal  [32-Bits]

Area                                    Addr        Size        Decimal Bytes (Attributes)
--------------------------------        ----        ----        ------- ----- ------------
_CODE                               00000200    0000141F =        5151. bytes (REL,CON)

      Value  Global                              Global Defined In Module
      -----  --------------------------------   ------------------------
     00000BCE  A$main$2687                        main
     00000BCF  A$main$2688                        main
     00000BD0  A$main$2689                        main
     00000BD1  A$main$2690                        main
     00000BD3  A$main$2691                        main
     00000BD4  A$main$2692                        main
     00000BD6  A$main$2693                        main
     00000BD7  A$main$2694                        main
     00000BD9  A$main$2695                        main
     00000BDA  A$main$2696                        main
     00000BDC  A$main$2697                        main
     00000BDE  A$main$2698                        main
     00000BDF  A$main$2699                        main
     00000BE0  A$main$2700                        main
     00000BE1  A$main$2701                        main
     00000BE2  A$main$2702                        main
     00000BE3  A$main$2703                        main
     00000BE4  A$main$2704                        main
     00000BE5  A$main$2705                        main
     00000BE6  A$main$2706                        main
     00000BE8  A$main$2707                        main
     00000BE9  A$main$2708                        main
     00000BEA  A$main$2709                        main
     00000BEB  A$main$2710                        main
     00000BED  A$main$2711                        main
     00000BEE  A$main$2712                        main
     00000BEF  A$main$2713                        main
     00000BF0  A$main$2714                        main
     00000BF1  A$main$2715                        main
     00000BF2  A$main$2716                        main
     00000BF3  A$main$2720                        main
     00000BF3  C$main.c$108$3_2$142               main
     00000BF4  A$main$2721                        main
     00000BF5  A$main$2722                        main
     00000BF6  A$main$2723                        main
     00000BF8  A$main$2724                        main
     00000BF9  A$main$2725                        main
     00000BFA  A$main$2726                        main
     00000BFB  A$main$2727                        main
     00000BFC  A$main$2728                        main
     00000BFD  A$main$2729                        main
     00000BFE  A$main$2730                        main
     00000C00  A$main$2731                        main
     00000C01  A$main$2732                        main
     00000C02  A$main$2733                        main
     00000C03  A$main$2734                        main
     00000C05  A$main$2735                        main
     00000C06  A$main$2736                        main
     00000C08  A$main$2737                        main
     00000C09  A$main$2738                        main
     00000C0A  A$main$2739                        main
ASxxxx Linker V03.00 + NoICE + sdld,  page 16.
Hexadecimal  [32-Bits]

Area                                    Addr        Size        Decimal Bytes (Attributes)
--------------------------------        ----        ----        ------- ----- ------------
_CODE                               00000200    0000141F =        5151. bytes (REL,CON)

      Value  Global                              Global Defined In Module
      -----  --------------------------------   ------------------------
     00000C0B  A$main$2740                        main
     00000C0C  A$main$2741                        main
     00000C0F  A$main$2742                        main
     00000C10  A$main$2743                        main
     00000C11  A$main$2744                        main
     00000C12  A$main$2745                        main
     00000C14  A$main$2746                        main
     00000C15  A$main$2747                        main
     00000C16  A$main$2748                        main
     00000C17  A$main$2749                        main
     00000C19  A$main$2750                        main
     00000C1A  A$main$2751                        main
     00000C1B  A$main$2752                        main
     00000C1C  A$main$2753                        main
     00000C1D  A$main$2754                        main
     00000C1E  A$main$2755                        main
     00000C1F  A$main$2756                        main
     00000C20  A$main$2757                        main
     00000C21  A$main$2761                        main
     00000C21  C$main.c$110$3_2$142               main
     00000C22  A$main$2762                        main
     00000C23  A$main$2763                        main
     00000C24  A$main$2767                        main
     00000C24  C$main.c$111$3_2$142               main
     00000C25  A$main$2768                        main
     00000C26  A$main$2772                        main
     00000C26  C$main.c$112$3_2$142               main
     00000C27  A$main$2773                        main
     00000C28  A$main$2774                        main
     00000C29  A$main$2775                        main
     00000C2B  A$main$2776                        main
     00000C2D  A$main$2777                        main
     00000C2E  A$main$2779                        main
     00000C30  A$main$2780                        main
     00000C31  A$main$2781                        main
     00000C34  A$main$2786                        main
     00000C34  C$main.c$116$5_1$146               main
     00000C36  A$main$2787                        main
     00000C38  A$main$2789                        main
     00000C3A  A$main$2790                        main
     00000C3B  A$main$2791                        main
     00000C3D  A$main$2792                        main
     00000C3E  A$main$2793                        main
     00000C40  A$main$2797                        main
     00000C40  C$main.c$117$5_1$146               main
     00000C41  A$main$2798                        main
     00000C43  A$main$2799                        main
     00000C44  A$main$2800                        main
     00000C45  A$main$2801                        main
     00000C46  A$main$2802                        main
     00000C47  A$main$2803                        main
ASxxxx Linker V03.00 + NoICE + sdld,  page 17.
Hexadecimal  [32-Bits]

Area                                    Addr        Size        Decimal Bytes (Attributes)
--------------------------------        ----        ----        ------- ----- ------------
_CODE                               00000200    0000141F =        5151. bytes (REL,CON)

      Value  Global                              Global Defined In Module
      -----  --------------------------------   ------------------------
     00000C48  A$main$2804                        main
     00000C49  A$main$2805                        main
     00000C4A  A$main$2806                        main
     00000C4B  A$main$2807                        main
     00000C4E  A$main$2808                        main
     00000C4F  A$main$2809                        main
     00000C50  A$main$2810                        main
     00000C51  A$main$2811                        main
     00000C53  A$main$2812                        main
     00000C55  A$main$2814                        main
     00000C57  A$main$2815                        main
     00000C58  A$main$2816                        main
     00000C5A  A$main$2817                        main
     00000C5B  A$main$2818                        main
     00000C5D  A$main$2822                        main
     00000C5D  C$main.c$118$5_1$146               main
     00000C5E  A$main$2823                        main
     00000C60  A$main$2824                        main
     00000C61  A$main$2825                        main
     00000C62  A$main$2826                        main
     00000C63  A$main$2827                        main
     00000C65  A$main$2828                        main
     00000C66  A$main$2829                        main
     00000C67  A$main$2830                        main
     00000C68  A$main$2831                        main
     00000C6A  A$main$2832                        main
     00000C6B  A$main$2833                        main
     00000C6C  A$main$2834                        main
     00000C6D  A$main$2835                        main
     00000C6E  A$main$2836                        main
     00000C6F  A$main$2837                        main
     00000C70  A$main$2838                        main
     00000C71  A$main$2839                        main
     00000C74  A$main$2840                        main
     00000C75  A$main$2841                        main
     00000C76  A$main$2842                        main
     00000C77  A$main$2843                        main
     00000C79  A$main$2844                        main
     00000C7A  A$main$2845                        main
     00000C7B  A$main$2846                        main
     00000C7C  A$main$2847                        main
     00000C7D  A$main$2848                        main
     00000C7E  A$main$2849                        main
     00000C7F  A$main$2853                        main
     00000C7F  C$main.c$117$4_1$145               main
     00000C81  A$main$2854                        main
     00000C82  A$main$2855                        main
     00000C84  A$main$2860                        main
     00000C84  C$main.c$116$2_1$143               main
     00000C86  A$main$2861                        main
     00000C87  A$main$2862                        main
ASxxxx Linker V03.00 + NoICE + sdld,  page 18.
Hexadecimal  [32-Bits]

Area                                    Addr        Size        Decimal Bytes (Attributes)
--------------------------------        ----        ----        ------- ----- ------------
_CODE                               00000200    0000141F =        5151. bytes (REL,CON)

      Value  Global                              Global Defined In Module
      -----  --------------------------------   ------------------------
     00000C89  A$main$2867                        main
     00000C8B  A$main$2872                        main
     00000C8B  C$main.c$121$2_1$134               main
     00000C8B  XG$generateMines$0$0               main
     00000C8C  A$main$2882                        main
     00000C8C  C$main.c$123$2_1$147               main
     00000C8C  G$explodeMines$0$0                 main
     00000C8C  _explodeMines                      main
     00000C8E  A$main$2886                        main
     00000C8E  C$main.c$124$2_0$147               main
     00000C90  A$main$2887                        main
     00000C91  A$main$2888                        main
     00000C92  A$main$2889                        main
     00000C94  A$main$2890                        main
     00000C95  A$main$2891                        main
     00000C96  A$main$2892                        main
     00000C97  A$main$2893                        main
     00000C98  A$main$2894                        main
     00000C99  A$main$2895                        main
     00000C9A  A$main$2896                        main
     00000C9C  A$main$2900                        main
     00000C9C  C$main.c$127$4_0$150               main
     00000C9E  A$main$2901                        main
     00000CA0  A$main$2903                        main
     00000CA2  A$main$2904                        main
     00000CA3  A$main$2905                        main
     00000CA5  A$main$2906                        main
     00000CA8  A$main$2910                        main
     00000CA8  C$main.c$128$3_0$148               main
     00000CAA  A$main$2911                        main
     00000CAB  A$main$2912                        main
     00000CAC  A$main$2913                        main
     00000CAE  A$main$2914                        main
     00000CAF  A$main$2915                        main
     00000CB0  A$main$2916                        main
     00000CB2  A$main$2917                        main
     00000CB3  A$main$2918                        main
     00000CB5  A$main$2919                        main
     00000CB6  A$main$2920                        main
     00000CB8  A$main$2921                        main
     00000CB9  A$main$2922                        main
     00000CBA  A$main$2923                        main
     00000CBB  A$main$2924                        main
     00000CBC  A$main$2928                        main
     00000CBC  C$main.c$130$4_0$150               main
     00000CBE  A$main$2929                        main
     00000CBF  A$main$2930                        main
     00000CC0  A$main$2931                        main
     00000CC1  A$main$2932                        main
     00000CC2  A$main$2933                        main
     00000CC3  A$main$2934                        main
ASxxxx Linker V03.00 + NoICE + sdld,  page 19.
Hexadecimal  [32-Bits]

Area                                    Addr        Size        Decimal Bytes (Attributes)
--------------------------------        ----        ----        ------- ----- ------------
_CODE                               00000200    0000141F =        5151. bytes (REL,CON)

      Value  Global                              Global Defined In Module
      -----  --------------------------------   ------------------------
     00000CC4  A$main$2935                        main
     00000CC6  A$main$2936                        main
     00000CC8  A$main$2938                        main
     00000CCA  A$main$2939                        main
     00000CCB  A$main$2940                        main
     00000CCD  A$main$2941                        main
     00000CCF  A$main$2945                        main
     00000CCF  C$main.c$131$4_0$150               main
     00000CD2  A$main$2946                        main
     00000CD3  A$main$2947                        main
     00000CD5  A$main$2948                        main
     00000CD6  A$main$2949                        main
     00000CD7  A$main$2950                        main
     00000CD8  A$main$2951                        main
     00000CD9  A$main$2952                        main
     00000CDB  A$main$2953                        main
     00000CDC  A$main$2954                        main
     00000CDD  A$main$2955                        main
     00000CDF  A$main$2956                        main
     00000CE0  A$main$2957                        main
     00000CE1  A$main$2958                        main
     00000CE2  A$main$2959                        main
     00000CE3  A$main$2960                        main
     00000CE4  A$main$2961                        main
     00000CE5  A$main$2962                        main
     00000CE6  A$main$2963                        main
     00000CE7  A$main$2964                        main
     00000CE8  A$main$2965                        main
     00000CE9  A$main$2966                        main
     00000CEA  A$main$2967                        main
     00000CED  A$main$2968                        main
     00000CEF  A$main$2969                        main
     00000CF0  A$main$2970                        main
     00000CF2  A$main$2971                        main
     00000CF3  A$main$2972                        main
     00000CF4  A$main$2973                        main
     00000CF5  A$main$2974                        main
     00000CF6  A$main$2975                        main
     00000CF7  A$main$2976                        main
     00000CF8  A$main$2979                        main
     00000CFA  A$main$2982                        main
     00000CFB  A$main$2983                        main
     00000CFC  A$main$2984                        main
     00000CFD  A$main$2985                        main
     00000CFE  A$main$2986                        main
     00000D00  A$main$2987                        main
     00000D01  A$main$2988                        main
     00000D02  A$main$2989                        main
     00000D03  A$main$2993                        main
     00000D03  C$main.c$132$4_0$150               main
     00000D05  A$main$2994                        main
ASxxxx Linker V03.00 + NoICE + sdld,  page 20.
Hexadecimal  [32-Bits]

Area                                    Addr        Size        Decimal Bytes (Attributes)
--------------------------------        ----        ----        ------- ----- ------------
_CODE                               00000200    0000141F =        5151. bytes (REL,CON)

      Value  Global                              Global Defined In Module
      -----  --------------------------------   ------------------------
     00000D06  A$main$2995                        main
     00000D07  A$main$2996                        main
     00000D08  A$main$2997                        main
     00000D09  A$main$2998                        main
     00000D0A  A$main$2999                        main
     00000D0C  A$main$3000                        main
     00000D0D  A$main$3001                        main
     00000D0E  A$main$3002                        main
     00000D10  A$main$3005                        main
     00000D11  A$main$3006                        main
     00000D12  A$main$3007                        main
     00000D14  A$main$3010                        main
     00000D15  A$main$3011                        main
     00000D16  A$main$3012                        main
     00000D17  A$main$3013                        main
     00000D18  A$main$3014                        main
     00000D1B  A$main$3015                        main
     00000D1D  A$main$3019                        main
     00000D1D  C$main.c$133$4_0$150               main
     00000D1F  A$main$3020                        main
     00000D20  A$main$3021                        main
     00000D21  A$main$3022                        main
     00000D22  A$main$3023                        main
     00000D25  A$main$3024                        main
     00000D26  A$main$3025                        main
     00000D27  A$main$3026                        main
     00000D28  A$main$3027                        main
     00000D2A  A$main$3028                        main
     00000D2B  A$main$3029                        main
     00000D2C  A$main$3030                        main
     00000D2D  A$main$3031                        main
     00000D2E  A$main$3032                        main
     00000D2F  A$main$3036                        main
     00000D2F  C$main.c$134$4_0$150               main
     00000D31  A$main$3037                        main
     00000D32  A$main$3038                        main
     00000D33  A$main$3039                        main
     00000D34  A$main$3040                        main
     00000D37  A$main$3041                        main
     00000D38  A$main$3042                        main
     00000D39  A$main$3043                        main
     00000D3A  A$main$3044                        main
     00000D3C  A$main$3045                        main
     00000D3D  A$main$3046                        main
     00000D3E  A$main$3047                        main
     00000D3F  A$main$3048                        main
     00000D40  A$main$3049                        main
     00000D41  A$main$3053                        main
     00000D41  C$main.c$130$3_0$149               main
     00000D43  A$main$3054                        main
     00000D44  A$main$3055                        main
ASxxxx Linker V03.00 + NoICE + sdld,  page 21.
Hexadecimal  [32-Bits]

Area                                    Addr        Size        Decimal Bytes (Attributes)
--------------------------------        ----        ----        ------- ----- ------------
_CODE                               00000200    0000141F =        5151. bytes (REL,CON)

      Value  Global                              Global Defined In Module
      -----  --------------------------------   ------------------------
     00000D46  A$main$3060                        main
     00000D46  C$main.c$136$2_0$148               main
     00000D48  A$main$3061                        main
     00000D49  A$main$3065                        main
     00000D49  C$main.c$137$2_0$148               main
     00000D4B  A$main$3066                        main
     00000D4C  A$main$3067                        main
     00000D4D  A$main$3068                        main
     00000D50  A$main$3069                        main
     00000D51  A$main$3070                        main
     00000D54  A$main$3075                        main
     00000D56  A$main$3080                        main
     00000D56  C$main.c$139$1_0$147               main
     00000D56  XG$explodeMines$0$0                main
     00000D57  A$main$3090                        main
     00000D57  C$main.c$141$1_0$152               main
     00000D57  G$uncover$0$0                      main
     00000D57  _uncover                           main
     00000D59  A$main$3094                        main
     00000D59  C$main.c$143$1_0$152               main
     00000D5B  A$main$3095                        main
     00000D5D  A$main$3096                        main
     00000D5E  A$main$3097                        main
     00000D61  A$main$3098                        main
     00000D62  A$main$3099                        main
     00000D64  A$main$3100                        main
     00000D65  A$main$3101                        main
     00000D68  A$main$3105                        main
     00000D68  C$main.c$144$2_0$153               main
     00000D69  A$main$3106                        main
     00000D6B  A$main$3107                        main
     00000D6C  A$main$3108                        main
     00000D6D  A$main$3109                        main
     00000D6E  A$main$3110                        main
     00000D6F  A$main$3111                        main
     00000D70  A$main$3112                        main
     00000D71  A$main$3113                        main
     00000D72  A$main$3114                        main
     00000D73  A$main$3115                        main
     00000D74  A$main$3116                        main
     00000D75  A$main$3117                        main
     00000D76  A$main$3118                        main
     00000D78  A$main$3119                        main
     00000D79  A$main$3120                        main
     00000D7B  A$main$3121                        main
     00000D7C  A$main$3122                        main
     00000D7D  A$main$3123                        main
     00000D7E  A$main$3124                        main
     00000D7F  A$main$3125                        main
     00000D80  A$main$3126                        main
     00000D81  A$main$3127                        main
ASxxxx Linker V03.00 + NoICE + sdld,  page 22.
Hexadecimal  [32-Bits]

Area                                    Addr        Size        Decimal Bytes (Attributes)
--------------------------------        ----        ----        ------- ----- ------------
_CODE                               00000200    0000141F =        5151. bytes (REL,CON)

      Value  Global                              Global Defined In Module
      -----  --------------------------------   ------------------------
     00000D83  A$main$3128                        main
     00000D84  A$main$3129                        main
     00000D85  A$main$3133                        main
     00000D85  C$main.c$145$2_0$153               main
     00000D86  A$main$3134                        main
     00000D87  A$main$3135                        main
     00000D89  A$main$3136                        main
     00000D8A  A$main$3137                        main
     00000D8C  A$main$3138                        main
     00000D8F  A$main$3139                        main
     00000D90  A$main$3140                        main
     00000D91  A$main$3141                        main
     00000D93  A$main$3142                        main
     00000D94  A$main$3143                        main
     00000D96  A$main$3144                        main
     00000D99  A$main$3148                        main
     00000D99  C$main.c$147$3_0$154               main
     00000D9C  A$main$3149                        main
     00000D9D  A$main$3150                        main
     00000D9E  A$main$3151                        main
     00000D9F  A$main$3152                        main
     00000DA0  A$main$3153                        main
     00000DA1  A$main$3154                        main
     00000DA2  A$main$3155                        main
     00000DA4  A$main$3156                        main
     00000DA5  A$main$3157                        main
     00000DA6  A$main$3158                        main
     00000DA7  A$main$3159                        main
     00000DA9  A$main$3160                        main
     00000DAA  A$main$3161                        main
     00000DAB  A$main$3162                        main
     00000DAC  A$main$3163                        main
     00000DAD  A$main$3164                        main
     00000DAE  A$main$3165                        main
     00000DAF  A$main$3166                        main
     00000DB2  A$main$3167                        main
     00000DB3  A$main$3168                        main
     00000DB6  A$main$3172                        main
     00000DB6  C$main.c$148$5_0$155               main
     00000DB8  A$main$3173                        main
     00000DB9  A$main$3174                        main
     00000DBA  A$main$3175                        main
     00000DBC  A$main$3176                        main
     00000DBD  A$main$3177                        main
     00000DBE  A$main$3178                        main
     00000DBF  A$main$3179                        main
     00000DC0  A$main$3180                        main
     00000DC1  A$main$3181                        main
     00000DC2  A$main$3182                        main
     00000DC4  A$main$3186                        main
     00000DC4  C$main.c$149$4_0$155               main
ASxxxx Linker V03.00 + NoICE + sdld,  page 23.
Hexadecimal  [32-Bits]

Area                                    Addr        Size        Decimal Bytes (Attributes)
--------------------------------        ----        ----        ------- ----- ------------
_CODE                               00000200    0000141F =        5151. bytes (REL,CON)

      Value  Global                              Global Defined In Module
      -----  --------------------------------   ------------------------
     00000DC6  A$main$3187                        main
     00000DC7  A$main$3188                        main
     00000DC8  A$main$3189                        main
     00000DC9  A$main$3190                        main
     00000DCA  A$main$3191                        main
     00000DCD  A$main$3192                        main
     00000DCE  A$main$3193                        main
     00000DD0  A$main$3194                        main
     00000DD1  A$main$3198                        main
     00000DD1  C$main.c$151$4_0$155               main
     00000DD3  A$main$3199                        main
     00000DD4  A$main$3200                        main
     00000DD5  A$main$3201                        main
     00000DD7  A$main$3202                        main
     00000DD8  A$main$3203                        main
     00000DD9  A$main$3204                        main
     00000DDB  A$main$3205                        main
     00000DDC  A$main$3206                        main
     00000DDE  A$main$3207                        main
     00000DDF  A$main$3208                        main
     00000DE0  A$main$3209                        main
     00000DE1  A$main$3210                        main
     00000DE2  A$main$3211                        main
     00000DE3  A$main$3212                        main
     00000DE4  A$main$3213                        main
     00000DE5  A$main$3214                        main
     00000DE6  A$main$3215                        main
     00000DE7  A$main$3216                        main
     00000DE8  A$main$3217                        main
     00000DEB  A$main$3218                        main
     00000DEC  A$main$3219                        main
     00000DED  A$main$3220                        main
     00000DEE  A$main$3221                        main
     00000DF0  A$main$3222                        main
     00000DF1  A$main$3223                        main
     00000DF3  A$main$3224                        main
     00000DF4  A$main$3225                        main
     00000DF5  A$main$3226                        main
     00000DF7  A$main$3227                        main
     00000DF8  A$main$3228                        main
     00000DF9  A$main$3229                        main
     00000DFA  A$main$3230                        main
     00000DFB  A$main$3231                        main
     00000DFD  A$main$3232                        main
     00000DFF  A$main$3233                        main
     00000E00  A$main$3234                        main
     00000E01  A$main$3235                        main
     00000E02  A$main$3236                        main
     00000E03  A$main$3237                        main
     00000E04  A$main$3238                        main
     00000E05  A$main$3242                        main
ASxxxx Linker V03.00 + NoICE + sdld,  page 24.
Hexadecimal  [32-Bits]

Area                                    Addr        Size        Decimal Bytes (Attributes)
--------------------------------        ----        ----        ------- ----- ------------
_CODE                               00000200    0000141F =        5151. bytes (REL,CON)

      Value  Global                              Global Defined In Module
      -----  --------------------------------   ------------------------
     00000E05  C$main.c$152$4_0$155               main
     00000E06  A$main$3243                        main
     00000E09  A$main$3244                        main
     00000E0A  A$main$3245                        main
     00000E0B  A$main$3246                        main
     00000E0D  A$main$3247                        main
     00000E0E  A$main$3248                        main
     00000E10  A$main$3249                        main
     00000E11  A$main$3250                        main
     00000E12  A$main$3251                        main
     00000E13  A$main$3252                        main
     00000E14  A$main$3253                        main
     00000E15  A$main$3254                        main
     00000E16  A$main$3258                        main
     00000E16  C$main.c$153$4_0$155               main
     00000E19  A$main$3259                        main
     00000E1A  A$main$3260                        main
     00000E1B  A$main$3261                        main
     00000E1C  A$main$3262                        main
     00000E1E  A$main$3263                        main
     00000E1F  A$main$3264                        main
     00000E21  A$main$3265                        main
     00000E22  A$main$3266                        main
     00000E23  A$main$3267                        main
     00000E24  A$main$3268                        main
     00000E25  A$main$3269                        main
     00000E26  A$main$3270                        main
     00000E28  A$main$3274                        main
     00000E28  C$main.c$154$5_0$156               main
     00000E2A  A$main$3275                        main
     00000E2B  A$main$3276                        main
     00000E2C  A$main$3277                        main
     00000E2D  A$main$3278                        main
     00000E2F  A$main$3282                        main
     00000E2F  C$main.c$155$5_0$156               main
     00000E31  A$main$3283                        main
     00000E32  A$main$3284                        main
     00000E33  A$main$3285                        main
     00000E34  A$main$3286                        main
     00000E36  A$main$3291                        main
     00000E36  C$main.c$156$5_0$156               main
     00000E39  A$main$3292                        main
     00000E3B  A$main$3297                        main
     00000E3B  C$main.c$157$5_0$156               main
     00000E3E  A$main$3298                        main
     00000E40  A$main$3299                        main
     00000E42  A$main$3304                        main
     00000E42  C$main.c$158$4_0$155               main
     00000E44  A$main$3305                        main
     00000E45  A$main$3306                        main
     00000E46  A$main$3307                        main
ASxxxx Linker V03.00 + NoICE + sdld,  page 25.
Hexadecimal  [32-Bits]

Area                                    Addr        Size        Decimal Bytes (Attributes)
--------------------------------        ----        ----        ------- ----- ------------
_CODE                               00000200    0000141F =        5151. bytes (REL,CON)

      Value  Global                              Global Defined In Module
      -----  --------------------------------   ------------------------
     00000E48  A$main$3311                        main
     00000E48  C$main.c$159$5_0$157               main
     00000E49  A$main$3312                        main
     00000E4A  A$main$3313                        main
     00000E4B  A$main$3314                        main
     00000E4C  A$main$3315                        main
     00000E4E  A$main$3319                        main
     00000E4E  C$main.c$160$5_0$157               main
     00000E50  A$main$3320                        main
     00000E51  A$main$3321                        main
     00000E52  A$main$3322                        main
     00000E53  A$main$3323                        main
     00000E55  A$main$3328                        main
     00000E55  C$main.c$163$4_0$155               main
     00000E57  A$main$3329                        main
     00000E58  A$main$3330                        main
     00000E59  A$main$3331                        main
     00000E5A  A$main$3332                        main
     00000E5B  A$main$3333                        main
     00000E5C  A$main$3334                        main
     00000E5D  A$main$3335                        main
     00000E5E  A$main$3336                        main
     00000E5F  A$main$3337                        main
     00000E60  A$main$3338                        main
     00000E62  A$main$3339                        main
     00000E63  A$main$3340                        main
     00000E65  A$main$3341                        main
     00000E66  A$main$3342                        main
     00000E67  A$main$3343                        main
     00000E68  A$main$3344                        main
     00000E69  A$main$3345                        main
     00000E6C  A$main$3346                        main
     00000E6D  A$main$3347                        main
     00000E6E  A$main$3348                        main
     00000E6F  A$main$3349                        main
     00000E72  A$main$3350                        main
     00000E74  A$main$3354                        main
     00000E74  C$main.c$164$4_0$155               main
     00000E76  A$main$3355                        main
     00000E77  A$main$3356                        main
     00000E78  A$main$3357                        main
     00000E79  A$main$3358                        main
     00000E7A  A$main$3359                        main
     00000E7B  A$main$3360                        main
     00000E7D  A$main$3361                        main
     00000E7E  A$main$3362                        main
     00000E7F  A$main$3363                        main
     00000E80  A$main$3364                        main
     00000E81  A$main$3368                        main
     00000E81  C$main.c$165$4_0$155               main
[...]
--------------------------------        ----        ----        ------- ----- ------------
_SFR14                              00000000    00000001 =           1. bytes (ABS,CON)

      Value  Global                              Global Defined In Module
      -----  --------------------------------   ------------------------
     0000FF1D  _NR33_REG                          

ASxxxx Linker V03.00 + NoICE + sdld,  page 96.
Hexadecimal  [32-Bits]

Area                                    Addr        Size        Decimal Bytes (Attributes)
--------------------------------        ----        ----        ------- ----- ------------
_SFR15                              00000000    00000001 =           1. bytes (ABS,CON)

      Value  Global                              Global Defined In Module
      -----  --------------------------------   ------------------------
     0000FF1E  _NR34_REG                          

ASxxxx Linker V03.00 + NoICE + sdld,  page 97.
Hexadecimal  [32-Bits]

Area                                    Addr        Size        Decimal Bytes (Attributes)
--------------------------------        ----        ----        ------- ----- ------------
_SFR16                              00000000    00000001 =           1. bytes (ABS,CON)

      Value  Global                              Global Defined In Module
      -----  --------------------------------   ------------------------
     0000FF20  _NR41_REG                          

ASxxxx Linker V03.00 + NoICE + sdld,  page 98.
Hexadecimal  [32-Bits]

Area                                    Addr        Size        Decimal Bytes (Attributes)
--------------------------------        ----        ----        ------- ----- ------------
_SFR17                              00000000    00000001 =           1. bytes (ABS,CON)

      Value  Global                              Global Defined In Module
      -----  --------------------------------   ------------------------
     0000FF21  _NR42_REG                          

ASxxxx Linker V03.00 + NoICE + sdld,  page 99.
Hexadecimal  [32-Bits]

Area                                    Addr        Size        Decimal Bytes (Attributes)
--------------------------------        ----        ----        ------- ----- ------------
_SFR18                              00000000    00000001 =           1. bytes (ABS,CON)

      Value  Global                              Global Defined In Module
      -----  --------------------------------   ------------------------
     0000FF22  _NR43_REG                          

ASxxxx Linker V03.00 + NoICE + sdld,  page 100.
Hexadecimal  [32-Bits]

Area                                    Addr        Size        Decimal Bytes (Attributes)
--------------------------------        ----        ----        ------- ----- ------------
_SFR19                              00000000    00000001 =           1. bytes (ABS,CON)

      Value  Global                              Global Defined In Module
      -----  --------------------------------   ------------------------
     0000FF23  _NR44_REG                          

ASxxxx Linker V03.00 + NoICE + sdld,  page 101.
Hexadecimal  [32-Bits]

Area                                    Addr        Size        Decimal Bytes (Attributes)
--------------------------------        ----        ----        ------- ----- ------------
_SFR1a                              00000000    00000001 =           1. bytes (ABS,CON)

      Value  Global                              Global Defined In Module
      -----  --------------------------------   ------------------------
     0000FF24  _NR50_REG                          

ASxxxx Linker V03.00 + NoICE + sdld,  page 102.
Hexadecimal  [32-Bits]

Area                                    Addr        Size        Decimal Bytes (Attributes)
--------------------------------        ----        ----        ------- ----- ------------
_SFR1b                              00000000    00000001 =           1. bytes (ABS,CON)

      Value  Global                              Global Defined In Module
      -----  --------------------------------   ------------------------
     0000FF25  _NR51_REG                          

ASxxxx Linker V03.00 + NoICE + sdld,  page 103.
Hexadecimal  [32-Bits]

Area                                    Addr        Size        Decimal Bytes (Attributes)
--------------------------------        ----        ----        ------- ----- ------------
_SFR1c                              00000000    00000001 =           1. bytes (ABS,CON)

      Value  Global                              Global Defined In Module
      -----  --------------------------------   ------------------------
     0000FF26  _NR52_REG                          

ASxxxx Linker V03.00 + NoICE + sdld,  page 104.
Hexadecimal  [32-Bits]

Area                                    Addr        Size        Decimal Bytes (Attributes)
--------------------------------        ----        ----        ------- ----- ------------
_SFR1d                              00000000    00000001 =           1. bytes (ABS,CON)

      Value  Global                              Global Defined In Module
      -----  --------------------------------   ------------------------
     0000FF40  _LCDC_REG                          

ASxxxx Linker V03.00 + NoICE + sdld,  page 105.
Hexadecimal  [32-Bits]

Area                                    Addr        Size        Decimal Bytes (Attributes)
--------------------------------        ----        ----        ------- ----- ------------
_SFR1e                              00000000    00000001 =           1. bytes (ABS,CON)

      Value  Global                              Global Defined In Module
      -----  --------------------------------   ------------------------
     0000FF41  _STAT_REG                          

ASxxxx Linker V03.00 + NoICE + sdld,  page 106.
Hexadecimal  [32-Bits]

Area                                    Addr        Size        Decimal Bytes (Attributes)
--------------------------------        ----        ----        ------- ----- ------------
_SFR1f                              00000000    00000001 =           1. bytes (ABS,CON)

      Value  Global                              Global Defined In Module
      -----  --------------------------------   ------------------------
     0000FF42  _SCY_REG                           

ASxxxx Linker V03.00 + NoICE + sdld,  page 107.
Hexadecimal  [32-Bits]

Area                                    Addr        Size        Decimal Bytes (Attributes)
--------------------------------        ----        ----        ------- ----- ------------
_SFR20                              00000000    00000001 =           1. bytes (ABS,CON)

      Value  Global                              Global Defined In Module
      -----  --------------------------------   ------------------------
     0000FF43  _SCX_REG                           

ASxxxx Linker V03.00 + NoICE + sdld,  page 108.
Hexadecimal  [32-Bits]

Area                                    Addr        Size        Decimal Bytes (Attributes)
--------------------------------        ----        ----        ------- ----- ------------
_SFR21                              00000000    00000001 =           1. bytes (ABS,CON)

      Value  Global                              Global Defined In Module
      -----  --------------------------------   ------------------------
     0000FF44  _LY_REG                            

ASxxxx Linker V03.00 + NoICE + sdld,  page 109.
Hexadecimal  [32-Bits]

Area                                    Addr        Size        Decimal Bytes (Attributes)
--------------------------------        ----        ----        ------- ----- ------------
_SFR22                              00000000    00000001 =           1. bytes (ABS,CON)

      Value  Global                              Global Defined In Module
      -----  --------------------------------   ------------------------
     0000FF45  _LYC_REG                           

ASxxxx Linker V03.00 + NoICE + sdld,  page 110.
Hexadecimal  [32-Bits]

Area                                    Addr        Size        Decimal Bytes (Attributes)
--------------------------------        ----        ----        ------- ----- ------------
_SFR23                              00000000    00000001 =           1. bytes (ABS,CON)

      Value  Global                              Global Defined In Module
      -----  --------------------------------   ------------------------
     0000FF46  _DMA_REG                           

ASxxxx Linker V03.00 + NoICE + sdld,  page 111.
Hexadecimal  [32-Bits]

Area                                    Addr        Size        Decimal Bytes (Attributes)
--------------------------------        ----        ----        ------- ----- ------------
_SFR24                              00000000    00000001 =           1. bytes (ABS,CON)

      Value  Global                              Global Defined In Module
      -----  --------------------------------   ------------------------
     0000FF47  _BGP_REG                           

ASxxxx Linker V03.00 + NoICE + sdld,  page 112.
Hexadecimal  [32-Bits]

Area                                    Addr        Size        Decimal Bytes (Attributes)
--------------------------------        ----        ----        ------- ----- ------------
_SFR25                              00000000    00000001 =           1. bytes (ABS,CON)

      Value  Global                              Global Defined In Module
      -----  --------------------------------   ------------------------
     0000FF48  _OBP0_REG                          

ASxxxx Linker V03.00 + NoICE + sdld,  page 113.
Hexadecimal  [32-Bits]

Area                                    Addr        Size        Decimal Bytes (Attributes)
--------------------------------        ----        ----        ------- ----- ------------
_SFR26                              00000000    00000001 =           1. bytes (ABS,CON)

      Value  Global                              Global Defined In Module
      -----  --------------------------------   ------------------------
     0000FF49  _OBP1_REG                          

ASxxxx Linker V03.00 + NoICE + sdld,  page 114.
Hexadecimal  [32-Bits]

Area                                    Addr        Size        Decimal Bytes (Attributes)
--------------------------------        ----        ----        ------- ----- ------------
_SFR27                              00000000    00000001 =           1. bytes (ABS,CON)

      Value  Global                              Global Defined In Module
      -----  --------------------------------   ------------------------
     0000FF4A  _WY_REG                            

ASxxxx Linker V03.00 + NoICE + sdld,  page 115.
Hexadecimal  [32-Bits]

Area                                    Addr        Size        Decimal Bytes (Attributes)
--------------------------------        ----        ----        ------- ----- ------------
_SFR28                              00000000    00000001 =           1. bytes (ABS,CON)

      Value  Global                              Global Defined In Module
      -----  --------------------------------   ------------------------
     0000FF4B  _WX_REG                            

ASxxxx Linker V03.00 + NoICE + sdld,  page 116.
Hexadecimal  [32-Bits]

Area                                    Addr        Size        Decimal Bytes (Attributes)
--------------------------------        ----        ----        ------- ----- ------------
_SFR29                              00000000    00000001 =           1. bytes (ABS,CON)

      Value  Global                              Global Defined In Module
      -----  --------------------------------   ------------------------
     0000FF4D  _KEY1_REG                          

ASxxxx Linker V03.00 + NoICE + sdld,  page 117.
Hexadecimal  [32-Bits]

Area                                    Addr        Size        Decimal Bytes (Attributes)
--------------------------------        ----        ----        ------- ----- ------------
_SFR2a                              00000000    00000001 =           1. bytes (ABS,CON)

      Value  Global                              Global Defined In Module
      -----  --------------------------------   ------------------------
     0000FF4F  _VBK_REG                           

ASxxxx Linker V03.00 + NoICE + sdld,  page 118.
Hexadecimal  [32-Bits]

Area                                    Addr        Size        Decimal Bytes (Attributes)
--------------------------------        ----        ----        ------- ----- ------------
_SFR2b                              00000000    00000001 =           1. bytes (ABS,CON)

      Value  Global                              Global Defined In Module
      -----  --------------------------------   ------------------------
     0000FF51  _HDMA1_REG                         

ASxxxx Linker V03.00 + NoICE + sdld,  page 119.
Hexadecimal  [32-Bits]

Area                                    Addr        Size        Decimal Bytes (Attributes)
--------------------------------        ----        ----        ------- ----- ------------
_SFR2c                              00000000    00000001 =           1. bytes (ABS,CON)

      Value  Global                              Global Defined In Module
      -----  --------------------------------   ------------------------
     0000FF52  _HDMA2_REG                         

ASxxxx Linker V03.00 + NoICE + sdld,  page 120.
Hexadecimal  [32-Bits]

Area                                    Addr        Size        Decimal Bytes (Attributes)
--------------------------------        ----        ----        ------- ----- ------------
_SFR2d                              00000000    00000001 =           1. bytes (ABS,CON)

      Value  Global                              Global Defined In Module
      -----  --------------------------------   ------------------------
     0000FF53  _HDMA3_REG                         

ASxxxx Linker V03.00 + NoICE + sdld,  page 121.
Hexadecimal  [32-Bits]

Area                                    Addr        Size        Decimal Bytes (Attributes)
--------------------------------        ----        ----        ------- ----- ------------
_SFR2e                              00000000    00000001 =           1. bytes (ABS,CON)

      Value  Global                              Global Defined In Module
      -----  --------------------------------   ------------------------
     0000FF54  _HDMA4_REG                         

ASxxxx Linker V03.00 + NoICE + sdld,  page 122.
Hexadecimal  [32-Bits]

Area                                    Addr        Size        Decimal Bytes (Attributes)
--------------------------------        ----        ----        ------- ----- ------------
_SFR2f                              00000000    00000001 =           1. bytes (ABS,CON)

      Value  Global                              Global Defined In Module
      -----  --------------------------------   ------------------------
     0000FF55  _HDMA5_REG                         

ASxxxx Linker V03.00 + NoICE + sdld,  page 123.
Hexadecimal  [32-Bits]

Area                                    Addr        Size        Decimal Bytes (Attributes)
--------------------------------        ----        ----        ------- ----- ------------
_SFR30                              00000000    00000001 =           1. bytes (ABS,CON)

      Value  Global                              Global Defined In Module
      -----  --------------------------------   ------------------------
     0000FF56  _RP_REG                            

ASxxxx Linker V03.00 + NoICE + sdld,  page 124.
Hexadecimal  [32-Bits]

Area                                    Addr        Size        Decimal Bytes (Attributes)
--------------------------------        ----        ----        ------- ----- ------------
_SFR31                              00000000    00000001 =           1. bytes (ABS,CON)

      Value  Global                              Global Defined In Module
      -----  --------------------------------   ------------------------
     0000FF68  _BCPS_REG                          

ASxxxx Linker V03.00 + NoICE + sdld,  page 125.
Hexadecimal  [32-Bits]

Area                                    Addr        Size        Decimal Bytes (Attributes)
--------------------------------        ----        ----        ------- ----- ------------
_SFR32                              00000000    00000001 =           1. bytes (ABS,CON)

      Value  Global                              Global Defined In Module
      -----  --------------------------------   ------------------------
     0000FF69  _BCPD_REG                          

ASxxxx Linker V03.00 + NoICE + sdld,  page 126.
Hexadecimal  [32-Bits]

Area                                    Addr        Size        Decimal Bytes (Attributes)
--------------------------------        ----        ----        ------- ----- ------------
_SFR33                              00000000    00000001 =           1. bytes (ABS,CON)

      Value  Global                              Global Defined In Module
      -----  --------------------------------   ------------------------
     0000FF6A  _OCPS_REG                          

ASxxxx Linker V03.00 + NoICE + sdld,  page 127.
Hexadecimal  [32-Bits]

Area                                    Addr        Size        Decimal Bytes (Attributes)
--------------------------------        ----        ----        ------- ----- ------------
_SFR34                              00000000    00000001 =           1. bytes (ABS,CON)

      Value  Global                              Global Defined In Module
      -----  --------------------------------   ------------------------
     0000FF6B  _OCPD_REG                          

ASxxxx Linker V03.00 + NoICE + sdld,  page 128.
Hexadecimal  [32-Bits]

Area                                    Addr        Size        Decimal Bytes (Attributes)
--------------------------------        ----        ----        ------- ----- ------------
_SFR35                              00000000    00000001 =           1. bytes (ABS,CON)

      Value  Global                              Global Defined In Module
      -----  --------------------------------   ------------------------
     0000FF70  _SVBK_REG                          

ASxxxx Linker V03.00 + NoICE + sdld,  page 129.
Hexadecimal  [32-Bits]

Area                                    Addr        Size        Decimal Bytes (Attributes)
--------------------------------        ----        ----        ------- ----- ------------
_SFR36                              00000000    00000001 =           1. bytes (ABS,CON)

      Value  Global                              Global Defined In Module
      -----  --------------------------------   ------------------------
     0000FFFF  _IE_REG                            

ASxxxx Linker V03.00 + NoICE + sdld,  page 130.

Files Linked                              [ module(s) ]

c:\gbdk\lib/small/asxxxx/gb/crt0.o        [ Runtime ]
GameBackground.o                          [ GameBackground ]
BackgroundTiles.o                         [ BackgroundTiles ]
Player.o                                  [ Player ]
main.o                                    [ main ]


Libraries Linked                          [ object file ]

c:\gbdk\lib/small/asxxxx/gb/gb.lib        [ sfr.o ]
c:\gbdk\lib/small/asxxxx/gb/gb.lib        [ rand.o ]
c:\gbdk\lib/small/asxxxx/gb/gb.lib        [ pad.o ]
c:\gbdk\lib/small/asxxxx/gb/gb.lib        [ cgb.o ]
c:\gbdk\lib/small/asxxxx/gb/gb.lib        [ set_data.o ]
c:\gbdk\lib/small/asxxxx/gbz80/gbz80.lib  [ div.o ]
c:\gbdk\lib/small/asxxxx/gb/gb.lib        [ set_bk_t.o ]
c:\gbdk\lib/small/asxxxx/gb/gb.lib        [ set_xy_t.o ]

ASxxxx Linker V03.00 + NoICE + sdld,  page 131.

User Base Address Definitions

_DATA=0xc0a0
_CODE=0x0200
ASxxxx Linker V03.00 + NoICE + sdld,  page 132.

User Global Definitions

_shadow_OAM=0xC000
.STACK=0xE000
.refresh_OAM=0xFF80

